Component: ARM Compiler 5.06 update 6 (build 750) Tool: armlink [4d35ed]

==============================================================================

Section Cross References

    main.o(i.Check_DS) refers to ds64romsearch.o(i.Ds_RomSearch) for Ds_RomSearch
    main.o(i.Check_DS) refers to printfa.o(i.__0printf) for __2printf
    main.o(i.Check_DS) refers to delay.o(i.delay_ms) for delay_ms
    main.o(i.Check_DS) refers to main.o(i.soft_reset) for soft_reset
    main.o(i.Check_DS) refers to ds18b20.o(i.DS18B20_Start) for DS18B20_Start
    main.o(i.Check_DS) refers to ds18b20.o(i.DS18B20_Get_Temp_After_Start) for DS18B20_Get_Temp_After_Start
    main.o(i.Check_DS) refers to ds64romsearch.o(.bss) for DsGuid
    main.o(i.Check_DS) refers to ds64romsearch.o(.data) for Ds_Device_Searched_Num
    main.o(i.Power_On_Emg_Button) refers to printfa.o(i.__0printf) for __2printf
    main.o(i.Power_On_Emg_Button) refers to delay.o(i.delay_ms) for delay_ms
    main.o(i.main) refers to misc.o(i.NVIC_PriorityGroupConfig) for NVIC_PriorityGroupConfig
    main.o(i.main) refers to stm32f10x_rcc.o(i.RCC_APB2PeriphClockCmd) for RCC_APB2PeriphClockCmd
    main.o(i.main) refers to stm32f10x_gpio.o(i.GPIO_PinRemapConfig) for GPIO_PinRemapConfig
    main.o(i.main) refers to state_task_aim.o(i.State_Task_Init) for State_Task_Init
    main.o(i.main) refers to usart.o(i.uart1_init) for uart1_init
    main.o(i.main) refers to usart.o(i.uart2_init) for uart2_init
    main.o(i.main) refers to usart.o(i.uart3_init) for uart3_init
    main.o(i.main) refers to bsptime.o(i.init_bsptimer) for init_bsptimer
    main.o(i.main) refers to delay.o(i.delay_init) for delay_init
    main.o(i.main) refers to rtc.o(i.RTC_Init) for RTC_Init
    main.o(i.main) refers to ds18b20.o(i.DS18B20_Init) for DS18B20_Init
    main.o(i.main) refers to cp_signal.o(i.CP_Init) for CP_Init
    main.o(i.main) refers to s1_switch.o(i.S1_Switch_Init) for S1_Switch_Init
    main.o(i.main) refers to state_task_aim.o(i.Get_Datas_From_EEPROM) for Get_Datas_From_EEPROM
    main.o(i.main) refers to ui.o(i.Ui_System_Init) for Ui_System_Init
    main.o(i.main) refers to main.o(i.Power_On_Emg_Button) for Power_On_Emg_Button
    main.o(i.main) refers to main.o(i.Check_DS) for Check_DS
    main.o(i.main) refers to printfa.o(i.__0printf) for __2printf
    main.o(i.main) refers to wdg.o(i.IWDG_Init) for IWDG_Init
    main.o(i.main) refers to state_task_aim.o(i.main_task) for main_task
    main.o(i.main) refers to wdg.o(i.IWDG_Feed) for IWDG_Feed
    main.o(i.main) refers to main.o(i.soft_reset) for soft_reset
    main.o(i.soft_reset) refers to printfa.o(i.__0printf) for __2printf
    key.o(i.KEY_SELA) refers to bsptime.o(i.obtainTimer) for obtainTimer
    key.o(i.KEY_SELA) refers to bsptime.o(i.setTimer) for setTimer
    key.o(i.KEY_SELA) refers to bsptime.o(i.getTimer) for getTimer
    key.o(i.KEY_SELA) refers to stm32f10x_gpio.o(i.GPIO_ReadInputDataBit) for GPIO_ReadInputDataBit
    key.o(i.KEY_SELA) refers to key.o(.data) for sel1timer
    key.o(i.KEY_SELB) refers to bsptime.o(i.obtainTimer) for obtainTimer
    key.o(i.KEY_SELB) refers to bsptime.o(i.setTimer) for setTimer
    key.o(i.KEY_SELB) refers to bsptime.o(i.getTimer) for getTimer
    key.o(i.KEY_SELB) refers to stm32f10x_gpio.o(i.GPIO_ReadInputDataBit) for GPIO_ReadInputDataBit
    key.o(i.KEY_SELB) refers to key.o(.data) for sel2timer
    key.o(i.KEY_Scan) refers to stm32f10x_gpio.o(i.GPIO_ReadInputDataBit) for GPIO_ReadInputDataBit
    key.o(i.KEY_Scan) refers to delay.o(i.delay_ms) for delay_ms
    key.o(i.KEY_Scan) refers to key.o(.data) for key_up
    timer.o(i.PwmControl) refers to stm32f10x_tim.o(i.TIM_SelectOCxM) for TIM_SelectOCxM
    timer.o(i.PwmControl) refers to stm32f10x_tim.o(i.TIM_CCxCmd) for TIM_CCxCmd
    timer.o(i.PwmControl) refers to stm32f10x_tim.o(i.TIM_Cmd) for TIM_Cmd
    timer.o(i.PwmControl) refers to stm32f10x_tim.o(i.TIM_ForcedOC1Config) for TIM_ForcedOC1Config
    timer.o(i.TIM2_PWM_Init) refers to stm32f10x_tim.o(i.TIM_DeInit) for TIM_DeInit
    timer.o(i.TIM2_PWM_Init) refers to stm32f10x_rcc.o(i.RCC_APB1PeriphClockCmd) for RCC_APB1PeriphClockCmd
    timer.o(i.TIM2_PWM_Init) refers to stm32f10x_rcc.o(i.RCC_APB2PeriphClockCmd) for RCC_APB2PeriphClockCmd
    timer.o(i.TIM2_PWM_Init) refers to stm32f10x_gpio.o(i.GPIO_PinRemapConfig) for GPIO_PinRemapConfig
    timer.o(i.TIM2_PWM_Init) refers to stm32f10x_gpio.o(i.GPIO_Init) for GPIO_Init
    timer.o(i.TIM2_PWM_Init) refers to stm32f10x_tim.o(i.TIM_TimeBaseInit) for TIM_TimeBaseInit
    timer.o(i.TIM2_PWM_Init) refers to stm32f10x_tim.o(i.TIM_OC1Init) for TIM_OC1Init
    timer.o(i.TIM2_PWM_Init) refers to stm32f10x_tim.o(i.TIM_OC1PreloadConfig) for TIM_OC1PreloadConfig
    timer.o(i.TIM2_PWM_Init) refers to stm32f10x_tim.o(i.TIM_Cmd) for TIM_Cmd
    system_stm32f10x.o(i.SetSysClock) refers to system_stm32f10x.o(i.SetSysClockTo72) for SetSysClockTo72
[...]
    alarmtimer                               0x20000078   Data           4  state_task_aim.o(.data)
    Overcurrenttimer                         0x2000007c   Data           4  state_task_aim.o(.data)
    stoppingtimer                            0x20000080   Data           4  state_task_aim.o(.data)
    connecttimer                             0x20000084   Data           4  state_task_aim.o(.data)
    temptimer                                0x20000088   Data           4  state_task_aim.o(.data)
    step                                     0x2000008c   Data           1  state_task_aim.o(.data)
    errtimes                                 0x2000008d   Data           1  state_task_aim.o(.data)
    mainloopcounter                          0x20000090   Data           4  state_task_aim.o(.data)
    mainlooptimer                            0x20000094   Data           4  state_task_aim.o(.data)
    .data                                    0x20000098   Section       18  ui.o(.data)
    selalongpress                            0x200000a8   Data           1  ui.o(.data)
    selblongpress                            0x200000a9   Data           1  ui.o(.data)
    .data                                    0x200000aa   Section        1  ds64romsearch.o(.data)
    .data                                    0x200000ab   Section       20  stm32f10x_rcc.o(.data)
    APBAHBPrescTable                         0x200000ab   Data          16  stm32f10x_rcc.o(.data)
    ADCPrescTable                            0x200000bb   Data           4  stm32f10x_rcc.o(.data)
    .data                                    0x200000c0   Section        4  mvars.o(.data)
    .data                                    0x200000c4   Section        4  mvars.o(.data)
    .bss                                     0x200000c8   Section       28  im1281b.o(.bss)
    .bss                                     0x200000e4   Section       12  state_task_aim.o(.bss)
    .ARM.__AT_0x20000100                     0x20000100   Section        4  state_task_aim.o(.ARM.__AT_0x20000100)
    .bss                                     0x20000104   Section     1152  oled.o(.bss)
    .bss                                     0x20000584   Section       80  adc.o(.bss)
    .bss                                     0x200005d4   Section     1024  stmflash.o(.bss)
    .bss                                     0x200009d4   Section      440  usart.o(.bss)
    .bss                                     0x20000b8c   Section      104  bsptime.o(.bss)
    .bss                                     0x20000bf8   Section       64  ds64romsearch.o(.bss)
    HEAP                                     0x20000c38   Section      512  startup_stm32f10x_md.o(HEAP)
    STACK                                    0x20000e38   Section     1024  startup_stm32f10x_md.o(STACK)
    .ARM.__AT_0x22002000                     0x22002000   Section        4  state_task_aim.o(.ARM.__AT_0x22002000)
    .ARM.__AT_0x22002004                     0x22002004   Section        4  state_task_aim.o(.ARM.__AT_0x22002004)
    .ARM.__AT_0x22002008                     0x22002008   Section        4  state_task_aim.o(.ARM.__AT_0x22002008)
    .ARM.__AT_0x2200200C                     0x2200200c   Section        4  state_task_aim.o(.ARM.__AT_0x2200200C)
    .ARM.__AT_0x22002010                     0x22002010   Section        4  state_task_aim.o(.ARM.__AT_0x22002010)
    .ARM.__AT_0x22002014                     0x22002014   Section        4  state_task_aim.o(.ARM.__AT_0x22002014)
    .ARM.__AT_0x22002018                     0x22002018   Section        4  state_task_aim.o(.ARM.__AT_0x22002018)
    .ARM.__AT_0x2200201C                     0x2200201c   Section        4  state_task_aim.o(.ARM.__AT_0x2200201C)
    .ARM.__AT_0x22002020                     0x22002020   Section        4  state_task_aim.o(.ARM.__AT_0x22002020)
    .ARM.__AT_0x22002024                     0x22002024   Section        4  state_task_aim.o(.ARM.__AT_0x22002024)
    .ARM.__AT_0x22002028                     0x22002028   Section        4  state_task_aim.o(.ARM.__AT_0x22002028)
    .ARM.__AT_0x2200202C                     0x2200202c   Section        4  state_task_aim.o(.ARM.__AT_0x2200202C)
    .ARM.__AT_0x22002030                     0x22002030   Section        4  state_task_aim.o(.ARM.__AT_0x22002030)
    .ARM.__AT_0x22002034                     0x22002034   Section        4  state_task_aim.o(.ARM.__AT_0x22002034)
    .ARM.__AT_0x22002038                     0x22002038   Section        4  state_task_aim.o(.ARM.__AT_0x22002038)
    .ARM.__AT_0x2200203C                     0x2200203c   Section        4  state_task_aim.o(.ARM.__AT_0x2200203C)
    .ARM.__AT_0x22002040                     0x22002040   Section        4  state_task_aim.o(.ARM.__AT_0x22002040)

    Global Symbols

    Symbol Name                              Value     Ov Type        Size  Object(Section)

    BuildAttributes$$THM_ISAv4$P$D$K$B$S$PE$A:L22UL41UL21$X:L11$S22US41US21$IEEE1$IW$USESV6$~STKCKD$USESV7$~SHL$OTIME$ROPI$EBA8$MICROLIB$REQ8$PRES8$EABIv2 0x00000000   Number         0  anon$$obj.o ABSOLUTE
    __ARM_use_no_argv                        0x00000000   Number         0  main.o ABSOLUTE
    __use_no_errno                           0x00000000   Number         0  useno.o ABSOLUTE
    __use_no_exception_handling              0x00000000   Number         0  useno.o ABSOLUTE
    __use_no_fp                              0x00000000   Number         0  useno.o ABSOLUTE
    __use_no_heap                            0x00000000   Number         0  useno.o ABSOLUTE
    __use_no_heap_region                     0x00000000   Number         0  useno.o ABSOLUTE
    __use_no_semihosting                     0x00000000   Number         0  useno.o ABSOLUTE
    __use_no_semihosting_swi                 0x00000000   Number         0  useno.o ABSOLUTE
    __use_no_signal_handling                 0x00000000   Number         0  useno.o ABSOLUTE
    _printf_a                                0x00000000   Number         0  stubs.o ABSOLUTE
    _printf_c                                0x00000000   Number         0  stubs.o ABSOLUTE
    _printf_charcount                        0x00000000   Number         0  stubs.o ABSOLUTE
    _printf_d                                0x00000000   Number         0  stubs.o ABSOLUTE
    _printf_e                                0x00000000   Number         0  stubs.o ABSOLUTE
    _printf_f                                0x00000000   Number         0  stubs.o ABSOLUTE
    _printf_flags                            0x00000000   Number         0  stubs.o ABSOLUTE
    _printf_fp_dec                           0x00000000   Number         0  stubs.o ABSOLUTE
    _printf_fp_hex                           0x00000000   Number         0  stubs.o ABSOLUTE
    _printf_g                                0x00000000   Number         0  stubs.o ABSOLUTE
    _printf_i                                0x00000000   Number         0  stubs.o ABSOLUTE
    _printf_int_dec                          0x00000000   Number         0  stubs.o ABSOLUTE
    _printf_l                                0x00000000   Number         0  stubs.o ABSOLUTE
    _printf_lc                               0x00000000   Number         0  stubs.o ABSOLUTE
    _printf_ll                               0x00000000   Number         0  stubs.o ABSOLUTE
    _printf_lld                              0x00000000   Number         0  stubs.o ABSOLUTE
    _printf_lli                              0x00000000   Number         0  stubs.o ABSOLUTE
    _printf_llo                              0x00000000   Number         0  stubs.o ABSOLUTE
    _printf_llu                              0x00000000   Number         0  stubs.o ABSOLUTE
    _printf_llx                              0x00000000   Number         0  stubs.o ABSOLUTE
    _printf_longlong_dec                     0x00000000   Number         0  stubs.o ABSOLUTE
    _printf_longlong_hex                     0x00000000   Number         0  stubs.o ABSOLUTE
    _printf_longlong_oct                     0x00000000   Number         0  stubs.o ABSOLUTE
    _printf_ls                               0x00000000   Number         0  stubs.o ABSOLUTE
    _printf_mbtowc                           0x00000000   Number         0  stubs.o ABSOLUTE
    _printf_n                                0x00000000   Number         0  stubs.o ABSOLUTE
    _printf_o                                0x00000000   Number         0  stubs.o ABSOLUTE
    _printf_p                                0x00000000   Number         0  stubs.o ABSOLUTE
    _printf_percent                          0x00000000   Number         0  stubs.o ABSOLUTE
    _printf_pre_padding                      0x00000000   Number         0  stubs.o ABSOLUTE
    _printf_return_value                     0x00000000   Number         0  stubs.o ABSOLUTE
    _printf_s                                0x00000000   Number         0  stubs.o ABSOLUTE
    _printf_sizespec                         0x00000000   Number         0  stubs.o ABSOLUTE
    _printf_str                              0x00000000   Number         0  stubs.o ABSOLUTE
    _printf_truncate_signed                  0x00000000   Number         0  stubs.o ABSOLUTE
    _printf_truncate_unsigned                0x00000000   Number         0  stubs.o ABSOLUTE
    _printf_u                                0x00000000   Number         0  stubs.o ABSOLUTE
    _printf_wc                               0x00000000   Number         0  stubs.o ABSOLUTE
    _printf_wctomb                           0x00000000   Number         0  stubs.o ABSOLUTE
    _printf_widthprec                        0x00000000   Number         0  stubs.o ABSOLUTE
    _printf_x                                0x00000000   Number         0  stubs.o ABSOLUTE
    __cpp_initialize__aeabi_                  - Undefined Weak Reference
    __cxa_finalize                            - Undefined Weak Reference
    __decompress                              - Undefined Weak Reference
    _clock_init                               - Undefined Weak Reference
    _microlib_exit                            - Undefined Weak Reference
    __Vectors_Size                           0x000000ec   Number         0  startup_stm32f10x_md.o ABSOLUTE
    __Vectors                                0x08000000   Data           4  startup_stm32f10x_md.o(RESET)
    __Vectors_End                            0x080000ec   Data           0  startup_stm32f10x_md.o(RESET)
    __main                                   0x080000ed   Thumb Code     0  entry.o(.ARM.Collect$$$$00000000)
    _main_stk                                0x080000ed   Thumb Code     0  entry2.o(.ARM.Collect$$$$00000001)
    _main_scatterload                        0x080000f1   Thumb Code     0  entry5.o(.ARM.Collect$$$$00000004)
    __main_after_scatterload                 0x080000f5   Thumb Code     0  entry5.o(.ARM.Collect$$$$00000004)
    _main_clock                              0x080000f5   Thumb Code     0  entry7b.o(.ARM.Collect$$$$00000008)
    _main_cpp_init                           0x080000f5   Thumb Code     0  entry8b.o(.ARM.Collect$$$$0000000A)
    _main_init                               0x080000f5   Thumb Code     0  entry9a.o(.ARM.Collect$$$$0000000B)
    __rt_final_cpp                           0x080000fd   Thumb Code     0  entry10a.o(.ARM.Collect$$$$0000000D)
    __rt_final_exit                          0x080000fd   Thumb Code     0  entry11a.o(.ARM.Collect$$$$0000000F)
    Reset_Handler                            0x08000101   Thumb Code     8  startup_stm32f10x_md.o(.text)
    ADC1_2_IRQHandler                        0x0800011b   Thumb Code     0  startup_stm32f10x_md.o(.text)
    CAN1_RX1_IRQHandler                      0x0800011b   Thumb Code     0  startup_stm32f10x_md.o(.text)
    CAN1_SCE_IRQHandler                      0x0800011b   Thumb Code     0  startup_stm32f10x_md.o(.text)
    DMA1_Channel1_IRQHandler                 0x0800011b   Thumb Code     0  startup_stm32f10x_md.o(.text)
    DMA1_Channel2_IRQHandler                 0x0800011b   Thumb Code     0  startup_stm32f10x_md.o(.text)
    DMA1_Channel3_IRQHandler                 0x0800011b   Thumb Code     0  startup_stm32f10x_md.o(.text)
    DMA1_Channel4_IRQHandler                 0x0800011b   Thumb Code     0  startup_stm32f10x_md.o(.text)
    DMA1_Channel5_IRQHandler                 0x0800011b   Thumb Code     0  startup_stm32f10x_md.o(.text)
    DMA1_Channel6_IRQHandler                 0x0800011b   Thumb Code     0  startup_stm32f10x_md.o(.text)
    DMA1_Channel7_IRQHandler                 0x0800011b   Thumb Code     0  startup_stm32f10x_md.o(.text)
    EXTI0_IRQHandler                         0x0800011b   Thumb Code     0  startup_stm32f10x_md.o(.text)
    EXTI15_10_IRQHandler                     0x0800011b   Thumb Code     0  startup_stm32f10x_md.o(.text)
    EXTI1_IRQHandler                         0x0800011b   Thumb Code     0  startup_stm32f10x_md.o(.text)
    EXTI2_IRQHandler                         0x0800011b   Thumb Code     0  startup_stm32f10x_md.o(.text)
    EXTI3_IRQHandler                         0x0800011b   Thumb Code     0  startup_stm32f10x_md.o(.text)
    EXTI4_IRQHandler                         0x0800011b   Thumb Code     0  startup_stm32f10x_md.o(.text)
    EXTI9_5_IRQHandler                       0x0800011b   Thumb Code     0  startup_stm32f10x_md.o(.text)
    FLASH_IRQHandler                         0x0800011b   Thumb Code     0  startup_stm32f10x_md.o(.text)
    I2C1_ER_IRQHandler                       0x0800011b   Thumb Code     0  startup_stm32f10x_md.o(.text)
    I2C1_EV_IRQHandler                       0x0800011b   Thumb Code     0  startup_stm32f10x_md.o(.text)
    I2C2_ER_IRQHandler                       0x0800011b   Thumb Code     0  startup_stm32f10x_md.o(.text)
    I2C2_EV_IRQHandler                       0x0800011b   Thumb Code     0  startup_stm32f10x_md.o(.text)
    PVD_IRQHandler                           0x0800011b   Thumb Code     0  startup_stm32f10x_md.o(.text)
    RCC_IRQHandler                           0x0800011b   Thumb Code     0  startup_stm32f10x_md.o(.text)
    RTCAlarm_IRQHandler                      0x0800011b   Thumb Code     0  startup_stm32f10x_md.o(.text)
    RTC_IRQHandler                           0x0800011b   Thumb Code     0  startup_stm32f10x_md.o(.text)
    SPI1_IRQHandler                          0x0800011b   Thumb Code     0  startup_stm32f10x_md.o(.text)
    SPI2_IRQHandler                          0x0800011b   Thumb Code     0  startup_stm32f10x_md.o(.text)
    TAMPER_IRQHandler                        0x0800011b   Thumb Code     0  startup_stm32f10x_md.o(.text)
    TIM1_BRK_IRQHandler                      0x0800011b   Thumb Code     0  startup_stm32f10x_md.o(.text)
    TIM1_CC_IRQHandler                       0x0800011b   Thumb Code     0  startup_stm32f10x_md.o(.text)
    TIM1_TRG_COM_IRQHandler                  0x0800011b   Thumb Code     0  startup_stm32f10x_md.o(.text)
    TIM1_UP_IRQHandler                       0x0800011b   Thumb Code     0  startup_stm32f10x_md.o(.text)
    TIM2_IRQHandler                          0x0800011b   Thumb Code     0  startup_stm32f10x_md.o(.text)
    TIM3_IRQHandler                          0x0800011b   Thumb Code     0  startup_stm32f10x_md.o(.text)
    USBWakeUp_IRQHandler                     0x0800011b   Thumb Code     0  startup_stm32f10x_md.o(.text)
    USB_HP_CAN1_TX_IRQHandler                0x0800011b   Thumb Code     0  startup_stm32f10x_md.o(.text)
    USB_LP_CAN1_RX0_IRQHandler               0x0800011b   Thumb Code     0  startup_stm32f10x_md.o(.text)
    WWDG_IRQHandler                          0x0800011b   Thumb Code     0  startup_stm32f10x_md.o(.text)
    __aeabi_llsl                             0x08000125   Thumb Code    30  llshl.o(.text)
    _ll_shift_l                              0x08000125   Thumb Code     0  llshl.o(.text)
    __aeabi_llsr                             0x08000143   Thumb Code    32  llushr.o(.text)
    _ll_ushift_r                             0x08000143   Thumb Code     0  llushr.o(.text)
    __aeabi_memset                           0x08000163   Thumb Code    14  memseta.o(.text)
    __aeabi_memset4                          0x08000163   Thumb Code     0  memseta.o(.text)
    __aeabi_memset8                          0x08000163   Thumb Code     0  memseta.o(.text)
    __aeabi_memclr                           0x08000171   Thumb Code     4  memseta.o(.text)
    __aeabi_memclr4                          0x08000171   Thumb Code     0  memseta.o(.text)
    __aeabi_memclr8                          0x08000171   Thumb Code     0  memseta.o(.text)
    _memset$wrapper                          0x08000175   Thumb Code    18  memseta.o(.text)
    strlen                                   0x08000187   Thumb Code    14  strlen.o(.text)
    __aeabi_fadd                             0x08000195   Thumb Code   164  fadd.o(.text)
    __aeabi_fsub                             0x08000239   Thumb Code     6  fadd.o(.text)
    __aeabi_frsub                            0x0800023f   Thumb Code     6  fadd.o(.text)
    __aeabi_fmul                             0x08000245   Thumb Code   100  fmul.o(.text)
    __aeabi_fdiv                             0x080002a9   Thumb Code   124  fdiv.o(.text)
    __aeabi_dadd                             0x08000325   Thumb Code   322  dadd.o(.text)
    __aeabi_dsub                             0x08000467   Thumb Code     6  dadd.o(.text)
    __aeabi_drsub                            0x0800046d   Thumb Code     6  dadd.o(.text)
    __aeabi_dmul                             0x08000473   Thumb Code   228  dmul.o(.text)
    __aeabi_ddiv                             0x08000557   Thumb Code   222  ddiv.o(.text)
    __aeabi_i2f                              0x08000635   Thumb Code    18  fflti.o(.text)
    __aeabi_ui2f                             0x08000647   Thumb Code    10  ffltui.o(.text)
    __aeabi_ui2d                             0x08000651   Thumb Code    26  dfltui.o(.text)
    __aeabi_d2iz                             0x0800066b   Thumb Code    62  dfixi.o(.text)
    __aeabi_d2uiz                            0x080006a9   Thumb Code    50  dfixui.o(.text)
    __aeabi_f2d                              0x080006db   Thumb Code    38  f2d.o(.text)
    __aeabi_cdcmpeq                          0x08000701   Thumb Code     0  cdcmple.o(.text)
    __aeabi_cdcmple                          0x08000701   Thumb Code    48  cdcmple.o(.text)
    __aeabi_cdrcmple                         0x08000731   Thumb Code    48  cdrcmple.o(.text)
    __aeabi_uidiv                            0x08000761   Thumb Code     0  uidiv.o(.text)
    __aeabi_uidivmod                         0x08000761   Thumb Code    44  uidiv.o(.text)
    __aeabi_uldivmod                         0x0800078d   Thumb Code    98  uldiv.o(.text)
    __aeabi_lasr                             0x080007ef   Thumb Code    36  llsshr.o(.text)
    _ll_sshift_r                             0x080007ef   Thumb Code     0  llsshr.o(.text)
    __I$use$fp                               0x08000813   Thumb Code     0  iusefp.o(.text)
    _float_round                             0x08000813   Thumb Code    18  fepilogue.o(.text)
    _float_epilogue                          0x08000825   Thumb Code    92  fepilogue.o(.text)
    _double_round                            0x08000881   Thumb Code    30  depilogue.o(.text)
    _double_epilogue                         0x0800089f   Thumb Code   156  depilogue.o(.text)
    __aeabi_d2ulz                            0x0800093b   Thumb Code    48  dfixul.o(.text)
    __scatterload                            0x0800096d   Thumb Code    28  init.o(.text)
    __scatterload_rt2                        0x0800096d   Thumb Code     0  init.o(.text)
    ADC_Cmd                                  0x08000991   Thumb Code    22  stm32f10x_adc.o(i.ADC_Cmd)
    ADC_DMACmd                               0x080009a7   Thumb Code    22  stm32f10x_adc.o(i.ADC_DMACmd)
    ADC_DeInit                               0x080009bd   Thumb Code    78  stm32f10x_adc.o(i.ADC_DeInit)
    ADC_GetCalibrationStatus                 0x08000a19   Thumb Code    20  stm32f10x_adc.o(i.ADC_GetCalibrationStatus)
    ADC_GetResetCalibrationStatus            0x08000a2d   Thumb Code    20  stm32f10x_adc.o(i.ADC_GetResetCalibrationStatus)
    ADC_Init                                 0x08000a41   Thumb Code    70  stm32f10x_adc.o(i.ADC_Init)
    ADC_RegularChannelConfig                 0x08000a91   Thumb Code   184  stm32f10x_adc.o(i.ADC_RegularChannelConfig)
    ADC_ResetCalibration                     0x08000b49   Thumb Code    10  stm32f10x_adc.o(i.ADC_ResetCalibration)
    ADC_SoftwareStartConvCmd                 0x08000b53   Thumb Code    22  stm32f10x_adc.o(i.ADC_SoftwareStartConvCmd)
    ADC_StartCalibration                     0x08000b69   Thumb Code    10  stm32f10x_adc.o(i.ADC_StartCalibration)
    ADC_TempSensorVrefintCmd                 0x08000b75   Thumb Code    30  stm32f10x_adc.o(i.ADC_TempSensorVrefintCmd)
    Adc_Init                                 0x08000b99   Thumb Code   288  adc.o(i.Adc_Init)
    BKP_DeInit                               0x08000cc9   Thumb Code    16  stm32f10x_bkp.o(i.BKP_DeInit)
    BusFault_Handler                         0x08000cd9   Thumb Code     4  stm32f10x_it.o(i.BusFault_Handler)
    CP_Init                                  0x08000cdd   Thumb Code     8  cp_signal.o(i.CP_Init)
    Charge_Summary                           0x08000ce5   Thumb Code    76  state_task_aim.o(i.Charge_Summary)
    Charge_Task                              0x08000d9d   Thumb Code  2018  state_task_aim.o(i.Charge_Task)
    Check_DS                                 0x0800166d   Thumb Code   256  main.o(i.Check_DS)
    Conclude_CP_State                        0x08001849   Thumb Code   124  cp_signal.o(i.Conclude_CP_State)
    DMA_Cmd                                  0x080018cd   Thumb Code    24  stm32f10x_dma.o(i.DMA_Cmd)
    DMA_DeInit                               0x080018e5   Thumb Code   324  stm32f10x_dma.o(i.DMA_DeInit)
    DMA_Init                                 0x08001a31   Thumb Code    60  stm32f10x_dma.o(i.DMA_Init)
    DS18B20_Check                            0x08001a6d   Thumb Code    92  ds18b20.o(i.DS18B20_Check)
    DS18B20_Get_Temp_After_Start             0x08001ad1   Thumb Code   186  ds18b20.o(i.DS18B20_Get_Temp_After_Start)
    DS18B20_Init                             0x08001b91   Thumb Code    54  ds18b20.o(i.DS18B20_Init)
    DS18B20_Read_2Bit                        0x08001bcd   Thumb Code    22  ds18b20.o(i.DS18B20_Read_2Bit)
    DS18B20_Read_Bit                         0x08001be5   Thumb Code    96  ds18b20.o(i.DS18B20_Read_Bit)
    DS18B20_Read_Byte                        0x08001c51   Thumb Code    34  ds18b20.o(i.DS18B20_Read_Byte)
    DS18B20_Rst                              0x08001c75   Thumb Code    54  ds18b20.o(i.DS18B20_Rst)
    DS18B20_Start                            0x08001cb9   Thumb Code    62  ds18b20.o(i.DS18B20_Start)
    DS18B20_Write_Bit                        0x08001cf9   Thumb Code    84  ds18b20.o(i.DS18B20_Write_Bit)
    DS18B20_Write_Byte                       0x08001d59   Thumb Code   102  ds18b20.o(i.DS18B20_Write_Byte)
    DS18B20_Write_UUID                       0x08001dcd   Thumb Code    48  ds18b20.o(i.DS18B20_Write_UUID)
    DS_FindAnUnusedGuid                      0x08001dfd   Thumb Code    40  ds64romsearch.o(i.DS_FindAnUnusedGuid)
    DebugMon_Handler                         0x08001e25   Thumb Code     2  stm32f10x_it.o(i.DebugMon_Handler)
    Ds_RomSearch                             0x08001e29   Thumb Code   524  ds64romsearch.o(i.Ds_RomSearch)
    EEPROM_Get_Current                       0x08002039   Thumb Code    22  eeprom.o(i.EEPROM_Get_Current)
    EEPROM_Get_Energy_Limit                  0x08002055   Thumb Code    22  eeprom.o(i.EEPROM_Get_Energy_Limit)
    EEPROM_Get_Time_Limit                    0x08002071   Thumb Code    22  eeprom.o(i.EEPROM_Get_Time_Limit)
    EEPROM_Get_Usr_Limit_Mode                0x0800208d   Thumb Code    22  eeprom.o(i.EEPROM_Get_Usr_Limit_Mode)
    EEPROM_Set_Current                       0x080020a9   Thumb Code    14  eeprom.o(i.EEPROM_Set_Current)
    EEPROM_Set_Energy_Limit                  0x080020bd   Thumb Code    14  eeprom.o(i.EEPROM_Set_Energy_Limit)
    EEPROM_Set_Time_Limit                    0x080020d1   Thumb Code    14  eeprom.o(i.EEPROM_Set_Time_Limit)
    EEPROM_Set_Usr_Limit_Mode                0x080020e5   Thumb Code    14  eeprom.o(i.EEPROM_Set_Usr_Limit_Mode)
    Elec_Curr_Task                           0x080020f9   Thumb Code   322  state_task_aim.o(i.Elec_Curr_Task)
    Elec_Vol_Task                            0x0800225d   Thumb Code   156  state_task_aim.o(i.Elec_Vol_Task)
    FLASH_ErasePage                          0x08002321   Thumb Code    72  stm32f10x_flash.o(i.FLASH_ErasePage)
    FLASH_GetBank1Status                     0x0800236d   Thumb Code    48  stm32f10x_flash.o(i.FLASH_GetBank1Status)
    FLASH_Lock                               0x080023a1   Thumb Code    14  stm32f10x_flash.o(i.FLASH_Lock)
    FLASH_ProgramHalfWord                    0x080023b5   Thumb Code    60  stm32f10x_flash.o(i.FLASH_ProgramHalfWord)
    FLASH_Unlock                             0x080023f5   Thumb Code    12  stm32f10x_flash.o(i.FLASH_Unlock)
    FLASH_WaitForLastOperation               0x0800240d   Thumb Code    38  stm32f10x_flash.o(i.FLASH_WaitForLastOperation)
    GPIO_Init                                0x08002433   Thumb Code   278  stm32f10x_gpio.o(i.GPIO_Init)
    GPIO_PinRemapConfig                      0x08002549   Thumb Code   138  stm32f10x_gpio.o(i.GPIO_PinRemapConfig)
    GPIO_ReadInputDataBit                    0x080025d9   Thumb Code    18  stm32f10x_gpio.o(i.GPIO_ReadInputDataBit)
    GPIO_ResetBits                           0x080025eb   Thumb Code     4  stm32f10x_gpio.o(i.GPIO_ResetBits)
    GPIO_SetBits                             0x080025ef   Thumb Code     4  stm32f10x_gpio.o(i.GPIO_SetBits)
    Get_Adc_Average                          0x080025f5   Thumb Code    38  adc.o(i.Get_Adc_Average)
    Get_CP_Vol_Task                          0x08002621   Thumb Code    88  cp_signal.o(i.Get_CP_Vol_Task)
    Get_Datas_From_EEPROM                    0x08002685   Thumb Code    36  state_task_aim.o(i.Get_Datas_From_EEPROM)
    Get_Temp_Task                            0x080026b9   Thumb Code   200  state_task_aim.o(i.Get_Temp_Task)
    HW_EMG_Task                              0x080027bd   Thumb Code    96  state_task_aim.o(i.HW_EMG_Task)
    HardFault_Handler                        0x08002835   Thumb Code     4  stm32f10x_it.o(i.HardFault_Handler)
    I2C_Start                                0x08002839   Thumb Code    48  oled.o(i.I2C_Start)
    I2C_Stop                                 0x0800286d   Thumb Code    32  oled.o(i.I2C_Stop)
    I2C_WaitAck                              0x08002891   Thumb Code    40  oled.o(i.I2C_WaitAck)
    IIC_delay                                0x080028bd   Thumb Code    16  oled.o(i.IIC_delay)
    IM1281B_Update                           0x080028cd   Thumb Code   250  im1281b.o(i.IM1281B_Update)
    IM1281B_Update_Task                      0x080029dd   Thumb Code   228  im1281b.o(i.IM1281B_Update_Task)
    IWDG_Enable                              0x08002b19   Thumb Code    10  stm32f10x_iwdg.o(i.IWDG_Enable)
    IWDG_Feed                                0x08002b29   Thumb Code     8  wdg.o(i.IWDG_Feed)
    IWDG_Init                                0x08002b31   Thumb Code    36  wdg.o(i.IWDG_Init)
    IWDG_ReloadCounter                       0x08002b55   Thumb Code    10  stm32f10x_iwdg.o(i.IWDG_ReloadCounter)
    IWDG_SetPrescaler                        0x08002b65   Thumb Code     6  stm32f10x_iwdg.o(i.IWDG_SetPrescaler)
    IWDG_SetReload                           0x08002b71   Thumb Code     6  stm32f10x_iwdg.o(i.IWDG_SetReload)
    IWDG_WriteAccessCmd                      0x08002b7d   Thumb Code     6  stm32f10x_iwdg.o(i.IWDG_WriteAccessCmd)
    KEY_SELA                                 0x08002b89   Thumb Code   144  key.o(i.KEY_SELA)
    KEY_SELB                                 0x08002c25   Thumb Code   144  key.o(i.KEY_SELB)
    KEY_Scan                                 0x08002cc1   Thumb Code   172  key.o(i.KEY_Scan)
    LED_Task                                 0x08002d79   Thumb Code   142  state_task_aim.o(i.LED_Task)
    Lock_Task                                0x08002e35   Thumb Code   162  state_task_aim.o(i.Lock_Task)
    MAINKEYTASK                              0x08002f59   Thumb Code   194  ui.o(i.MAINKEYTASK)
    MemManage_Handler                        0x08003025   Thumb Code     4  stm32f10x_it.o(i.MemManage_Handler)
    NMI_Handler                              0x08003029   Thumb Code     2  stm32f10x_it.o(i.NMI_Handler)
    NVIC_Init                                0x0800302d   Thumb Code   100  misc.o(i.NVIC_Init)
    NVIC_PriorityGroupConfig                 0x0800309d   Thumb Code    10  misc.o(i.NVIC_PriorityGroupConfig)
    OLED_Clear                               0x080030b1   Thumb Code    42  oled.o(i.OLED_Clear)
    OLED_ClearBuffer                         0x080030e1   Thumb Code    36  oled.o(i.OLED_ClearBuffer)
    OLED_ColorTurn                           0x08003109   Thumb Code    28  oled.o(i.OLED_ColorTurn)
    OLED_DisplayTurn                         0x08003125   Thumb Code    44  oled.o(i.OLED_DisplayTurn)
    OLED_DrawPoint                           0x08003151   Thumb Code   114  oled.o(i.OLED_DrawPoint)
    OLED_Init                                0x080031c9   Thumb Code   292  oled.o(i.OLED_Init)
    OLED_Refresh                             0x080032f5   Thumb Code   100  oled.o(i.OLED_Refresh)
    OLED_Show32in2line                       0x0800335d   Thumb Code    72  ui.o(i.OLED_Show32in2line)
    OLED_ShowChar                            0x080033a5   Thumb Code   316  oled.o(i.OLED_ShowChar)
    OLED_ShowString                          0x080034f5   Thumb Code    74  oled.o(i.OLED_ShowString)
    OLED_WR_Byte                             0x0800353f   Thumb Code    56  oled.o(i.OLED_WR_Byte)
    Out_Task                                 0x08003579   Thumb Code    86  state_task_aim.o(i.Out_Task)
    PWR_BackupAccessCmd                      0x08003615   Thumb Code     6  stm32f10x_pwr.o(i.PWR_BackupAccessCmd)
    PendSV_Handler                           0x08003621   Thumb Code     2  stm32f10x_it.o(i.PendSV_Handler)
    Power_On_Emg_Button                      0x08003625   Thumb Code    54  main.o(i.Power_On_Emg_Button)
    PrintString1                             0x0800368d   Thumb Code    34  usart.o(i.PrintString1)
    PwmControl                               0x080036b5   Thumb Code    58  timer.o(i.PwmControl)
    RCC_ADCCLKConfig                         0x080036f1   Thumb Code    18  stm32f10x_rcc.o(i.RCC_ADCCLKConfig)
    RCC_AHBPeriphClockCmd                    0x08003709   Thumb Code    26  stm32f10x_rcc.o(i.RCC_AHBPeriphClockCmd)
    RCC_APB1PeriphClockCmd                   0x08003729   Thumb Code    26  stm32f10x_rcc.o(i.RCC_APB1PeriphClockCmd)
    RCC_APB1PeriphResetCmd                   0x08003749   Thumb Code    26  stm32f10x_rcc.o(i.RCC_APB1PeriphResetCmd)
    RCC_APB2PeriphClockCmd                   0x08003769   Thumb Code    26  stm32f10x_rcc.o(i.RCC_APB2PeriphClockCmd)
    RCC_APB2PeriphResetCmd                   0x08003789   Thumb Code    26  stm32f10x_rcc.o(i.RCC_APB2PeriphResetCmd)
    RCC_BackupResetCmd                       0x080037a9   Thumb Code     6  stm32f10x_rcc.o(i.RCC_BackupResetCmd)
    RCC_GetClocksFreq                        0x080037b5   Thumb Code   192  stm32f10x_rcc.o(i.RCC_GetClocksFreq)
    RCC_GetFlagStatus                        0x08003889   Thumb Code    56  stm32f10x_rcc.o(i.RCC_GetFlagStatus)
    RCC_LSEConfig                            0x080038c5   Thumb Code    46  stm32f10x_rcc.o(i.RCC_LSEConfig)
    RCC_RTCCLKCmd                            0x080038f9   Thumb Code     6  stm32f10x_rcc.o(i.RCC_RTCCLKCmd)
    RCC_RTCCLKConfig                         0x08003905   Thumb Code    12  stm32f10x_rcc.o(i.RCC_RTCCLKConfig)
    RTC_EnterConfigMode                      0x08003915   Thumb Code    14  stm32f10x_rtc.o(i.RTC_EnterConfigMode)
    RTC_ExitConfigMode                       0x08003929   Thumb Code    16  stm32f10x_rtc.o(i.RTC_ExitConfigMode)
    RTC_GetCounter                           0x0800393d   Thumb Code    16  stm32f10x_rtc.o(i.RTC_GetCounter)
    RTC_Init                                 0x08003951   Thumb Code   118  rtc.o(i.RTC_Init)
    RTC_Set                                  0x080039c7   Thumb Code    32  rtc.o(i.RTC_Set)
    RTC_SetCounter                           0x080039e9   Thumb Code    24  stm32f10x_rtc.o(i.RTC_SetCounter)
    RTC_SetPrescaler                         0x08003a05   Thumb Code    26  stm32f10x_rtc.o(i.RTC_SetPrescaler)
    RTC_WaitForLastTask                      0x08003a25   Thumb Code    16  stm32f10x_rtc.o(i.RTC_WaitForLastTask)
    RTC_WaitForSynchro                       0x08003a39   Thumb Code    30  stm32f10x_rtc.o(i.RTC_WaitForSynchro)
    S1_Switch_Init                           0x08003a5d   Thumb Code    24  s1_switch.o(i.S1_Switch_Init)
    S1_Switch_Off                            0x08003a75   Thumb Code    24  s1_switch.o(i.S1_Switch_Off)
    S1_Switch_On                             0x08003a91   Thumb Code    22  s1_switch.o(i.S1_Switch_On)
    STMFLASH_Read                            0x08003aad   Thumb Code    34  stmflash.o(i.STMFLASH_Read)
    STMFLASH_ReadHalfWord                    0x08003acf   Thumb Code     6  stmflash.o(i.STMFLASH_ReadHalfWord)
    STMFLASH_Write                           0x08003ad5   Thumb Code   242  stmflash.o(i.STMFLASH_Write)
    STMFLASH_Write_NoCheck                   0x08003bd5   Thumb Code    38  stmflash.o(i.STMFLASH_Write_NoCheck)
    SVC_Handler                              0x08003bfb   Thumb Code     2  stm32f10x_it.o(i.SVC_Handler)
    Send_Byte                                0x08003bfd   Thumb Code    70  oled.o(i.Send_Byte)
    Set_Charge_Current                       0x08003d31   Thumb Code    94  charge_current.o(i.Set_Charge_Current)
    Show_Idle_State                          0x08003d9d   Thumb Code   200  ui.o(i.Show_Idle_State)
    Show_Menus                               0x08003ea5   Thumb Code   764  ui.o(i.Show_Menus)
    Show_Summary                             0x0800424d   Thumb Code   112  ui.o(i.Show_Summary)
    State_Task_Init                          0x080042e1   Thumb Code   318  state_task_aim.o(i.State_Task_Init)
    SysTick_CLKSourceConfig                  0x0800446d   Thumb Code    40  misc.o(i.SysTick_CLKSourceConfig)
    SysTick_Handler                          0x08004495   Thumb Code     2  stm32f10x_it.o(i.SysTick_Handler)
    SystemInit                               0x08004499   Thumb Code    78  system_stm32f10x.o(i.SystemInit)
    TIM2_PWM_Init                            0x080044f9   Thumb Code   144  timer.o(i.TIM2_PWM_Init)
    TIM4_IRQHandler                          0x08004591   Thumb Code    28  bsptime.o(i.TIM4_IRQHandler)
    TIM_CCxCmd                               0x080045b1   Thumb Code    30  stm32f10x_tim.o(i.TIM_CCxCmd)
    TIM_ClearITPendingBit                    0x080045cf   Thumb Code     6  stm32f10x_tim.o(i.TIM_ClearITPendingBit)
    TIM_Cmd                                  0x080045d5   Thumb Code    24  stm32f10x_tim.o(i.TIM_Cmd)
    TIM_DeInit                               0x080045ed   Thumb Code   424  stm32f10x_tim.o(i.TIM_DeInit)
    TIM_ForcedOC1Config                      0x080047d5   Thumb Code    18  stm32f10x_tim.o(i.TIM_ForcedOC1Config)
    TIM_GetITStatus                          0x080047e7   Thumb Code    34  stm32f10x_tim.o(i.TIM_GetITStatus)
    TIM_ITConfig                             0x08004809   Thumb Code    18  stm32f10x_tim.o(i.TIM_ITConfig)
    TIM_OC1Init                              0x0800481d   Thumb Code   132  stm32f10x_tim.o(i.TIM_OC1Init)
    TIM_OC1PreloadConfig                     0x080048b5   Thumb Code    18  stm32f10x_tim.o(i.TIM_OC1PreloadConfig)
    TIM_SelectOCxM                           0x080048c7   Thumb Code    82  stm32f10x_tim.o(i.TIM_SelectOCxM)
    TIM_SetCompare1                          0x08004919   Thumb Code     4  stm32f10x_tim.o(i.TIM_SetCompare1)
    TIM_TimeBaseInit                         0x0800491d   Thumb Code   122  stm32f10x_tim.o(i.TIM_TimeBaseInit)
    USART1_IRQHandler                        0x080049c1   Thumb Code   138  usart.o(i.USART1_IRQHandler)
    USART2_IRQHandler                        0x08004a59   Thumb Code   122  usart.o(i.USART2_IRQHandler)
    USART3_IRQHandler                        0x08004ae1   Thumb Code   122  usart.o(i.USART3_IRQHandler)
    USART_Cmd                                0x08004b69   Thumb Code    24  stm32f10x_usart.o(i.USART_Cmd)
    USART_GetFlagStatus                      0x08004b81   Thumb Code    26  stm32f10x_usart.o(i.USART_GetFlagStatus)
    USART_GetITStatus                        0x08004b9b   Thumb Code    84  stm32f10x_usart.o(i.USART_GetITStatus)
    USART_ITConfig                           0x08004bef   Thumb Code    74  stm32f10x_usart.o(i.USART_ITConfig)
    USART_Init                               0x08004c39   Thumb Code   210  stm32f10x_usart.o(i.USART_Init)
    USART_ReceiveData                        0x08004d11   Thumb Code    10  stm32f10x_usart.o(i.USART_ReceiveData)
    USART_SendData                           0x08004d1b   Thumb Code     8  stm32f10x_usart.o(i.USART_SendData)
    Ui_Gun                                   0x08004d25   Thumb Code   134  ui.o(i.Ui_Gun)
    Ui_Hw_Init                               0x08004ddd   Thumb Code    20  ui.o(i.Ui_Hw_Init)
    Ui_System_Init                           0x08004df1   Thumb Code    72  ui.o(i.Ui_System_Init)
    Ui_Task                                  0x08004e61   Thumb Code    32  ui.o(i.Ui_Task)
    Update_Charge_Current_Task               0x08004e85   Thumb Code    12  state_task_aim.o(i.Update_Charge_Current_Task)
    UsageFault_Handler                       0x08004e95   Thumb Code     4  stm32f10x_it.o(i.UsageFault_Handler)
    __0printf                                0x08004e99   Thumb Code    22  printfa.o(i.__0printf)
    __1printf                                0x08004e99   Thumb Code     0  printfa.o(i.__0printf)
    __2printf                                0x08004e99   Thumb Code     0  printfa.o(i.__0printf)
    __c89printf                              0x08004e99   Thumb Code     0  printfa.o(i.__0printf)
    printf                                   0x08004e99   Thumb Code     0  printfa.o(i.__0printf)
    __0sprintf                               0x08004eb9   Thumb Code    34  printfa.o(i.__0sprintf)
    __1sprintf                               0x08004eb9   Thumb Code     0  printfa.o(i.__0sprintf)
    __2sprintf                               0x08004eb9   Thumb Code     0  printfa.o(i.__0sprintf)
    __c89sprintf                             0x08004eb9   Thumb Code     0  printfa.o(i.__0sprintf)
    sprintf                                  0x08004eb9   Thumb Code     0  printfa.o(i.__0sprintf)
    __scatterload_copy                       0x08004ee1   Thumb Code    14  handlers.o(i.__scatterload_copy)
    __scatterload_null                       0x08004eef   Thumb Code     2  handlers.o(i.__scatterload_null)
    __scatterload_zeroinit                   0x08004ef1   Thumb Code    14  handlers.o(i.__scatterload_zeroinit)
    calccrc                                  0x080057bd   Thumb Code    42  im1281b.o(i.calccrc)
    chkcrc                                   0x080057e7   Thumb Code    78  im1281b.o(i.chkcrc)
    delay_init                               0x08005835   Thumb Code    50  delay.o(i.delay_init)
    delay_ms                                 0x08005879   Thumb Code    72  delay.o(i.delay_ms)
    delay_us                                 0x080058c5   Thumb Code    72  delay.o(i.delay_us)
    fputc                                    0x08005911   Thumb Code    24  usart.o(i.fputc)
    free                                     0x0800592d   Thumb Code    76  malloc.o(i.free)
    getTimer                                 0x0800597d   Thumb Code     6  bsptime.o(i.getTimer)
    im1281b_analysis_data                    0x08005985   Thumb Code   352  im1281b.o(i.im1281b_analysis_data)
    im1281b_ask                              0x08005af1   Thumb Code   104  im1281b.o(i.im1281b_ask)
    init_bsptimer                            0x08005b61   Thumb Code    94  bsptime.o(i.init_bsptimer)
    key_a_handler                            0x08005bc5   Thumb Code   208  ui.o(i.key_a_handler)
    key_b_handler                            0x08005cb5   Thumb Code   194  ui.o(i.key_b_handler)
    key_ok_handler                           0x08005d99   Thumb Code   368  ui.o(i.key_ok_handler)
    main                                     0x080060b9   Thumb Code   130  main.o(i.main)
    main_task                                0x08006169   Thumb Code   168  state_task_aim.o(i.main_task)
    malloc                                   0x0800625d   Thumb Code    92  malloc.o(i.malloc)
    obtainTimer                              0x080062c9   Thumb Code    52  bsptime.o(i.obtainTimer)
    returnTimer                              0x08006301   Thumb Code     8  bsptime.o(i.returnTimer)
    setTimer                                 0x08006309   Thumb Code    16  bsptime.o(i.setTimer)
    soft_reset                               0x08006319   Thumb Code    50  main.o(i.soft_reset)
    tickingTimer                             0x080063bd   Thumb Code    40  bsptime.o(i.tickingTimer)
    uart1_init                               0x080063e9   Thumb Code   152  usart.o(i.uart1_init)
    uart2_init                               0x08006489   Thumb Code   154  usart.o(i.uart2_init)
    uart3_init                               0x0800652d   Thumb Code   160  usart.o(i.uart3_init)
    asc2_0806                                0x080065d4   Data         552  oled.o(.constdata)
    asc2_1206                                0x080067fc   Data        1140  oled.o(.constdata)
    asc2_1608                                0x08006c70   Data        1520  oled.o(.constdata)
    asc2_2412                                0x08007260   Data        3420  oled.o(.constdata)
    asc2_3216                                0x08007fbc   Data        6080  oled.o(.constdata)
    Hzk1                                     0x0800977c   Data           1  oled.o(.constdata)
    Hzk2                                     0x0800977d   Data           1  oled.o(.constdata)
    Hzk3                                     0x0800977e   Data           1  oled.o(.constdata)
    Hzk4                                     0x0800977f   Data           1  oled.o(.constdata)
    Region$$Table$$Base                      0x08009780   Number         0  anon$$obj.o(Region$$Table)
    Region$$Table$$Limit                     0x080097a0   Number         0  anon$$obj.o(Region$$Table)
    SystemCoreClock                          0x20000014   Data           4  system_stm32f10x.o(.data)
    AHBPrescTable                            0x20000018   Data          16  system_stm32f10x.o(.data)
    __stdout                                 0x20000028   Data           4  usart.o(.data)
    USART1_RX_STA                            0x2000002c   Data           2  usart.o(.data)
    USART2_RX_STA                            0x2000002e   Data           2  usart.o(.data)
    USART3_RX_STA                            0x20000030   Data           2  usart.o(.data)
    Tx_Buffer                                0x20000034   Data           8  im1281b.o(.data)
    IM1281B_TIMEOUT                          0x2000003c   Data           1  im1281b.o(.data)
    IM1281B_COMMERR                          0x2000003d   Data           1  im1281b.o(.data)
    IM1281B_timer                            0x20000040   Data           4  im1281b.o(.data)
    cp_voltage                               0x20000050   Data           4  state_task_aim.o(.data)
    charge_state                             0x20000054   Data           1  state_task_aim.o(.data)
    cp_state                                 0x20000055   Data           1  state_task_aim.o(.data)
    stop_reason                              0x20000056   Data           1  state_task_aim.o(.data)
    avaliable_current                        0x20000058   Data           2  state_task_aim.o(.data)
    usr_set_current                          0x2000005a   Data           2  state_task_aim.o(.data)
    usr_sel_limit_mode                       0x2000005c   Data           2  state_task_aim.o(.data)
    time_limit                               0x2000005e   Data           2  state_task_aim.o(.data)
    energy_limit                             0x20000060   Data           2  state_task_aim.o(.data)
    energy_start_time                        0x20000064   Data           4  state_task_aim.o(.data)
    energy_charged                           0x20000068   Data           4  state_task_aim.o(.data)
    time_charged                             0x2000006c   Data           4  state_task_aim.o(.data)
    alarm_on                                 0x20000070   Data           4  state_task_aim.o(.data)
    menu_layer                               0x20000098   Data           1  ui.o(.data)
    menu_layer_1                             0x20000099   Data           1  ui.o(.data)
    menu_set_current                         0x2000009a   Data           2  ui.o(.data)
    menu_select_current                      0x2000009c   Data           2  ui.o(.data)
    menu_set_hour                            0x2000009e   Data           2  ui.o(.data)
    menu_set_min                             0x200000a0   Data           2  ui.o(.data)
    menu_set_energy                          0x200000a2   Data           2  ui.o(.data)
    menutimer                                0x200000a4   Data           4  ui.o(.data)
    Ds_Device_Searched_Num                   0x200000aa   Data           1  ds64romsearch.o(.data)
    __microlib_freelist                      0x200000c0   Data           4  mvars.o(.data)
    __microlib_freelist_initialised          0x200000c4   Data           4  mvars.o(.data)
    elec_condition                           0x200000c8   Data          28  im1281b.o(.bss)
    temp_list                                0x200000e4   Data          12  state_task_aim.o(.bss)
    statemech                                0x20000100   Data           4  state_task_aim.o(.ARM.__AT_0x20000100)
    OLED_GRAM                                0x20000104   Data        1152  oled.o(.bss)
    ADC_ConvertedValue                       0x20000584   Data          80  adc.o(.bss)
    STMFLASH_BUF                             0x200005d4   Data        1024  stmflash.o(.bss)
    USART1_RX_BUF                            0x200009d4   Data          40  usart.o(.bss)
    USART2_RX_BUF                            0x200009fc   Data         200  usart.o(.bss)
    USART3_RX_BUF                            0x20000ac4   Data         200  usart.o(.bss)
    bsptimers                                0x20000b8c   Data         104  bsptime.o(.bss)
    DsGuid                                   0x20000bf8   Data          64  ds64romsearch.o(.bss)
    __heap_base                              0x20000c38   Data           0  startup_stm32f10x_md.o(HEAP)
    __heap_limit                             0x20000e38   Data           0  startup_stm32f10x_md.o(HEAP)
    __initial_sp                             0x20001238   Data           0  startup_stm32f10x_md.o(STACK)
    emgstate                                 0x22002000   Data           4  state_task_aim.o(.ARM.__AT_0x22002000)
    outputen                                 0x22002004   Data           4  state_task_aim.o(.ARM.__AT_0x22002004)
    lock                                     0x22002008   Data           4  state_task_aim.o(.ARM.__AT_0x22002008)
    output                                   0x2200200c   Data           4  state_task_aim.o(.ARM.__AT_0x2200200C)
    sw_error                                 0x22002010   Data           4  state_task_aim.o(.ARM.__AT_0x22002010)
    overtemp                                 0x22002014   Data           4  state_task_aim.o(.ARM.__AT_0x22002014)
    overvoltage                              0x22002018   Data           4  state_task_aim.o(.ARM.__AT_0x22002018)
    undervoltage                             0x2200201c   Data           4  state_task_aim.o(.ARM.__AT_0x2200201C)
    overcurrent                              0x22002020   Data           4  state_task_aim.o(.ARM.__AT_0x22002020)
    emgstop                                  0x22002024   Data           4  state_task_aim.o(.ARM.__AT_0x22002024)
    chargegun                                0x22002028   Data           4  state_task_aim.o(.ARM.__AT_0x22002028)
    chargestart                              0x2200202c   Data           4  state_task_aim.o(.ARM.__AT_0x2200202C)
    S1_Switch_State                          0x22002030   Data           4  state_task_aim.o(.ARM.__AT_0x22002030)
    rfidlock                                 0x22002034   Data           4  state_task_aim.o(.ARM.__AT_0x22002034)
    blelock                                  0x22002038   Data           4  state_task_aim.o(.ARM.__AT_0x22002038)
    outvol                                   0x2200203c   Data           4  state_task_aim.o(.ARM.__AT_0x2200203C)
    meter_err                                0x22002040   Data           4  state_task_aim.o(.ARM.__AT_0x22002040)



==============================================================================

Memory Map of the image

  Image Entry point : 0x080000ed

  Load Region LR_IROM1 (Base: 0x08000000, Size: 0x00009868, Max: 0x00010000, ABSOLUTE)

    Execution Region ER_IROM1 (Exec base: 0x08000000, Load base: 0x08000000, Size: 0x000097a0, Max: 0x00010000, ABSOLUTE)

    Exec Addr    Load Addr    Size         Type   Attr      Idx    E Section Name        Object

    0x08000000   0x08000000   0x000000ec   Data   RO         1334    RESET               startup_stm32f10x_md.o
    0x080000ec   0x080000ec   0x00000000   Code   RO         3359  * .ARM.Collect$$$$00000000  mc_w.l(entry.o)
    0x080000ec   0x080000ec   0x00000004   Code   RO         3687    .ARM.Collect$$$$00000001  mc_w.l(entry2.o)
    0x080000f0   0x080000f0   0x00000004   Code   RO         3690    .ARM.Collect$$$$00000004  mc_w.l(entry5.o)
    0x080000f4   0x080000f4   0x00000000   Code   RO         3692    .ARM.Collect$$$$00000008  mc_w.l(entry7b.o)
    0x080000f4   0x080000f4   0x00000000   Code   RO         3694    .ARM.Collect$$$$0000000A  mc_w.l(entry8b.o)
    0x080000f4   0x080000f4   0x00000008   Code   RO         3695    .ARM.Collect$$$$0000000B  mc_w.l(entry9a.o)
    0x080000fc   0x080000fc   0x00000000   Code   RO         3697    .ARM.Collect$$$$0000000D  mc_w.l(entry10a.o)
    0x080000fc   0x080000fc   0x00000000   Code   RO         3699    .ARM.Collect$$$$0000000F  mc_w.l(entry11a.o)
    0x080000fc   0x080000fc   0x00000004   Code   RO         3688    .ARM.Collect$$$$00002712  mc_w.l(entry2.o)
    0x08000100   0x08000100   0x00000024   Code   RO         1335    .text               startup_stm32f10x_md.o
    0x08000124   0x08000124   0x0000001e   Code   RO         3362    .text               mc_w.l(llshl.o)
    0x08000142   0x08000142   0x00000020   Code   RO         3364    .text               mc_w.l(llushr.o)
    0x08000162   0x08000162   0x00000024   Code   RO         3366    .text               mc_w.l(memseta.o)
    0x08000186   0x08000186   0x0000000e   Code   RO         3368    .text               mc_w.l(strlen.o)
    0x08000194   0x08000194   0x000000b0   Code   RO         3659    .text               mf_w.l(fadd.o)
    0x08000244   0x08000244   0x00000064   Code   RO         3661    .text               mf_w.l(fmul.o)
    0x080002a8   0x080002a8   0x0000007c   Code   RO         3663    .text               mf_w.l(fdiv.o)
    0x08000324   0x08000324   0x0000014e   Code   RO         3665    .text               mf_w.l(dadd.o)
    0x08000472   0x08000472   0x000000e4   Code   RO         3667    .text               mf_w.l(dmul.o)
    0x08000556   0x08000556   0x000000de   Code   RO         3669    .text               mf_w.l(ddiv.o)
    0x08000634   0x08000634   0x00000012   Code   RO         3671    .text               mf_w.l(fflti.o)
    0x08000646   0x08000646   0x0000000a   Code   RO         3673    .text               mf_w.l(ffltui.o)
    0x08000650   0x08000650   0x0000001a   Code   RO         3675    .text               mf_w.l(dfltui.o)
    0x0800066a   0x0800066a   0x0000003e   Code   RO         3677    .text               mf_w.l(dfixi.o)
    0x080006a8   0x080006a8   0x00000032   Code   RO         3679    .text               mf_w.l(dfixui.o)
    0x080006da   0x080006da   0x00000026   Code   RO         3681    .text               mf_w.l(f2d.o)
    0x08000700   0x08000700   0x00000030   Code   RO         3683    .text               mf_w.l(cdcmple.o)
    0x08000730   0x08000730   0x00000030   Code   RO         3685    .text               mf_w.l(cdrcmple.o)
    0x08000760   0x08000760   0x0000002c   Code   RO         3701    .text               mc_w.l(uidiv.o)
    0x0800078c   0x0800078c   0x00000062   Code   RO         3703    .text               mc_w.l(uldiv.o)
    0x080007ee   0x080007ee   0x00000024   Code   RO         3705    .text               mc_w.l(llsshr.o)
    0x08000812   0x08000812   0x00000000   Code   RO         3713    .text               mc_w.l(iusefp.o)
    0x08000812   0x08000812   0x0000006e   Code   RO         3714    .text               mf_w.l(fepilogue.o)
    0x08000880   0x08000880   0x000000ba   Code   RO         3716    .text               mf_w.l(depilogue.o)
    0x0800093a   0x0800093a   0x00000030   Code   RO         3718    .text               mf_w.l(dfixul.o)
    0x0800096a   0x0800096a   0x00000002   PAD
    0x0800096c   0x0800096c   0x00000024   Code   RO         3720    .text               mc_w.l(init.o)
    0x08000990   0x08000990   0x00000016   Code   RO         2423    i.ADC_Cmd           stm32f10x_adc.o
    0x080009a6   0x080009a6   0x00000016   Code   RO         2424    i.ADC_DMACmd        stm32f10x_adc.o
    0x080009bc   0x080009bc   0x0000005c   Code   RO         2425    i.ADC_DeInit        stm32f10x_adc.o
    0x08000a18   0x08000a18   0x00000014   Code   RO         2431    i.ADC_GetCalibrationStatus  stm32f10x_adc.o
    0x08000a2c   0x08000a2c   0x00000014   Code   RO         2437    i.ADC_GetResetCalibrationStatus  stm32f10x_adc.o
    0x08000a40   0x08000a40   0x00000050   Code   RO         2441    i.ADC_Init          stm32f10x_adc.o
    0x08000a90   0x08000a90   0x000000b8   Code   RO         2445    i.ADC_RegularChannelConfig  stm32f10x_adc.o
    0x08000b48   0x08000b48   0x0000000a   Code   RO         2446    i.ADC_ResetCalibration  stm32f10x_adc.o
    0x08000b52   0x08000b52   0x00000016   Code   RO         2448    i.ADC_SoftwareStartConvCmd  stm32f10x_adc.o
    0x08000b68   0x08000b68   0x0000000a   Code   RO         2450    i.ADC_StartCalibration  stm32f10x_adc.o
    0x08000b72   0x08000b72   0x00000002   PAD
    0x08000b74   0x08000b74   0x00000024   Code   RO         2452    i.ADC_TempSensorVrefintCmd  stm32f10x_adc.o
    0x08000b98   0x08000b98   0x00000130   Code   RO          524    i.Adc_Init          adc.o
    0x08000cc8   0x08000cc8   0x00000010   Code   RO         3181    i.BKP_DeInit        stm32f10x_bkp.o
    0x08000cd8   0x08000cd8   0x00000004   Code   RO            1    i.BusFault_Handler  stm32f10x_it.o
    0x08000cdc   0x08000cdc   0x00000008   Code   RO          545    i.CP_Init           cp_signal.o
    0x08000ce4   0x08000ce4   0x000000b8   Code   RO          967    i.Charge_Summary    state_task_aim.o
    0x08000d9c   0x08000d9c   0x000008d0   Code   RO          968    i.Charge_Task       state_task_aim.o
    0x0800166c   0x0800166c   0x000001dc   Code   RO          152    i.Check_DS          main.o
    0x08001848   0x08001848   0x00000084   Code   RO          546    i.Conclude_CP_State  cp_signal.o
    0x080018cc   0x080018cc   0x00000018   Code   RO         3019    i.DMA_Cmd           stm32f10x_dma.o
    0x080018e4   0x080018e4   0x0000014c   Code   RO         3020    i.DMA_DeInit        stm32f10x_dma.o
    0x08001a30   0x08001a30   0x0000003c   Code   RO         3025    i.DMA_Init          stm32f10x_dma.o
    0x08001a6c   0x08001a6c   0x00000064   Code   RO          635    i.DS18B20_Check     ds18b20.o
    0x08001ad0   0x08001ad0   0x000000c0   Code   RO          636    i.DS18B20_Get_Temp_After_Start  ds18b20.o
    0x08001b90   0x08001b90   0x0000003c   Code   RO          638    i.DS18B20_Init      ds18b20.o
    0x08001bcc   0x08001bcc   0x00000016   Code   RO          639    i.DS18B20_Read_2Bit  ds18b20.o
    0x08001be2   0x08001be2   0x00000002   PAD
    0x08001be4   0x08001be4   0x0000006c   Code   RO          640    i.DS18B20_Read_Bit  ds18b20.o
    0x08001c50   0x08001c50   0x00000022   Code   RO          641    i.DS18B20_Read_Byte  ds18b20.o
    0x08001c72   0x08001c72   0x00000002   PAD
    0x08001c74   0x08001c74   0x00000044   Code   RO          642    i.DS18B20_Rst       ds18b20.o
    0x08001cb8   0x08001cb8   0x0000003e   Code   RO          643    i.DS18B20_Start     ds18b20.o
    0x08001cf6   0x08001cf6   0x00000002   PAD
    0x08001cf8   0x08001cf8   0x00000060   Code   RO          644    i.DS18B20_Write_Bit  ds18b20.o
    0x08001d58   0x08001d58   0x00000074   Code   RO          645    i.DS18B20_Write_Byte  ds18b20.o
    0x08001dcc   0x08001dcc   0x00000030   Code   RO          646    i.DS18B20_Write_UUID  ds18b20.o
    0x08001dfc   0x08001dfc   0x00000028   Code   RO         1284    i.DS_FindAnUnusedGuid  ds64romsearch.o
    0x08001e24   0x08001e24   0x00000002   Code   RO            2    i.DebugMon_Handler  stm32f10x_it.o
    0x08001e26   0x08001e26   0x00000002   PAD
    0x08001e28   0x08001e28   0x00000210   Code   RO         1285    i.Ds_RomSearch      ds64romsearch.o
    0x08002038   0x08002038   0x0000001c   Code   RO         1230    i.EEPROM_Get_Current  eeprom.o
    0x08002054   0x08002054   0x0000001c   Code   RO         1231    i.EEPROM_Get_Energy_Limit  eeprom.o
    0x08002070   0x08002070   0x0000001c   Code   RO         1232    i.EEPROM_Get_Time_Limit  eeprom.o
    0x0800208c   0x0800208c   0x0000001c   Code   RO         1233    i.EEPROM_Get_Usr_Limit_Mode  eeprom.o
    0x080020a8   0x080020a8   0x00000014   Code   RO         1234    i.EEPROM_Set_Current  eeprom.o
    0x080020bc   0x080020bc   0x00000014   Code   RO         1235    i.EEPROM_Set_Energy_Limit  eeprom.o
    0x080020d0   0x080020d0   0x00000014   Code   RO         1236    i.EEPROM_Set_Time_Limit  eeprom.o
    0x080020e4   0x080020e4   0x00000014   Code   RO         1237    i.EEPROM_Set_Usr_Limit_Mode  eeprom.o
    0x080020f8   0x080020f8   0x00000164   Code   RO          969    i.Elec_Curr_Task    state_task_aim.o
    0x0800225c   0x0800225c   0x000000c4   Code   RO          970    i.Elec_Vol_Task     state_task_aim.o
    0x08002320   0x08002320   0x0000004c   Code   RO         2644    i.FLASH_ErasePage   stm32f10x_flash.o
    0x0800236c   0x0800236c   0x00000034   Code   RO         2645    i.FLASH_GetBank1Status  stm32f10x_flash.o
    0x080023a0   0x080023a0   0x00000014   Code   RO         2654    i.FLASH_Lock        stm32f10x_flash.o
    0x080023b4   0x080023b4   0x00000040   Code   RO         2657    i.FLASH_ProgramHalfWord  stm32f10x_flash.o
    0x080023f4   0x080023f4   0x00000018   Code   RO         2662    i.FLASH_Unlock      stm32f10x_flash.o
    0x0800240c   0x0800240c   0x00000026   Code   RO         2666    i.FLASH_WaitForLastOperation  stm32f10x_flash.o
    0x08002432   0x08002432   0x00000116   Code   RO         1381    i.GPIO_Init         stm32f10x_gpio.o
    0x08002548   0x08002548   0x00000090   Code   RO         1383    i.GPIO_PinRemapConfig  stm32f10x_gpio.o
    0x080025d8   0x080025d8   0x00000012   Code   RO         1385    i.GPIO_ReadInputDataBit  stm32f10x_gpio.o
    0x080025ea   0x080025ea   0x00000004   Code   RO         1388    i.GPIO_ResetBits    stm32f10x_gpio.o
    0x080025ee   0x080025ee   0x00000004   Code   RO         1389    i.GPIO_SetBits      stm32f10x_gpio.o
    0x080025f2   0x080025f2   0x00000002   PAD
    0x080025f4   0x080025f4   0x0000002c   Code   RO          525    i.Get_Adc_Average   adc.o
    0x08002620   0x08002620   0x00000064   Code   RO          547    i.Get_CP_Vol_Task   cp_signal.o
    0x08002684   0x08002684   0x00000034   Code   RO          971    i.Get_Datas_From_EEPROM  state_task_aim.o
    0x080026b8   0x080026b8   0x00000104   Code   RO          972    i.Get_Temp_Task     state_task_aim.o
    0x080027bc   0x080027bc   0x00000078   Code   RO          973    i.HW_EMG_Task       state_task_aim.o
    0x08002834   0x08002834   0x00000004   Code   RO            3    i.HardFault_Handler  stm32f10x_it.o
    0x08002838   0x08002838   0x00000034   Code   RO          364    i.I2C_Start         oled.o
    0x0800286c   0x0800286c   0x00000024   Code   RO          365    i.I2C_Stop          oled.o
    0x08002890   0x08002890   0x0000002c   Code   RO          366    i.I2C_WaitAck       oled.o
    0x080028bc   0x080028bc   0x00000010   Code   RO          367    i.IIC_delay         oled.o
    0x080028cc   0x080028cc   0x00000110   Code   RO          892    i.IM1281B_Update    im1281b.o
    0x080029dc   0x080029dc   0x0000013c   Code   RO          893    i.IM1281B_Update_Task  im1281b.o
    0x08002b18   0x08002b18   0x00000010   Code   RO         3317    i.IWDG_Enable       stm32f10x_iwdg.o
    0x08002b28   0x08002b28   0x00000008   Code   RO          713    i.IWDG_Feed         wdg.o
    0x08002b30   0x08002b30   0x00000024   Code   RO          714    i.IWDG_Init         wdg.o
    0x08002b54   0x08002b54   0x00000010   Code   RO         3319    i.IWDG_ReloadCounter  stm32f10x_iwdg.o
    0x08002b64   0x08002b64   0x0000000c   Code   RO         3320    i.IWDG_SetPrescaler  stm32f10x_iwdg.o
    0x08002b70   0x08002b70   0x0000000c   Code   RO         3321    i.IWDG_SetReload    stm32f10x_iwdg.o
    0x08002b7c   0x08002b7c   0x0000000c   Code   RO         3322    i.IWDG_WriteAccessCmd  stm32f10x_iwdg.o
    0x08002b88   0x08002b88   0x0000009c   Code   RO          276    i.KEY_SELA          key.o
    0x08002c24   0x08002c24   0x0000009c   Code   RO          277    i.KEY_SELB          key.o
    0x08002cc0   0x08002cc0   0x000000b8   Code   RO          278    i.KEY_Scan          key.o
    0x08002d78   0x08002d78   0x000000bc   Code   RO          974    i.LED_Task          state_task_aim.o
    0x08002e34   0x08002e34   0x00000124   Code   RO          975    i.Lock_Task         state_task_aim.o
    0x08002f58   0x08002f58   0x000000cc   Code   RO         1140    i.MAINKEYTASK       ui.o
    0x08003024   0x08003024   0x00000004   Code   RO            4    i.MemManage_Handler  stm32f10x_it.o
    0x08003028   0x08003028   0x00000002   Code   RO            5    i.NMI_Handler       stm32f10x_it.o
    0x0800302a   0x0800302a   0x00000002   PAD
    0x0800302c   0x0800302c   0x00000070   Code   RO         1339    i.NVIC_Init         misc.o
    0x0800309c   0x0800309c   0x00000014   Code   RO         1340    i.NVIC_PriorityGroupConfig  misc.o
    0x080030b0   0x080030b0   0x00000030   Code   RO          368    i.OLED_Clear        oled.o
    0x080030e0   0x080030e0   0x00000028   Code   RO          369    i.OLED_ClearBuffer  oled.o
    0x08003108   0x08003108   0x0000001c   Code   RO          370    i.OLED_ColorTurn    oled.o
    0x08003124   0x08003124   0x0000002c   Code   RO          373    i.OLED_DisplayTurn  oled.o
    0x08003150   0x08003150   0x00000078   Code   RO          376    i.OLED_DrawPoint    oled.o
    0x080031c8   0x080031c8   0x0000012c   Code   RO          377    i.OLED_Init         oled.o
    0x080032f4   0x080032f4   0x00000068   Code   RO          379    i.OLED_Refresh      oled.o
    0x0800335c   0x0800335c   0x00000048   Code   RO         1142    i.OLED_Show32in2line  ui.o
    0x080033a4   0x080033a4   0x00000150   Code   RO          381    i.OLED_ShowChar     oled.o
    0x080034f4   0x080034f4   0x0000004a   Code   RO          385    i.OLED_ShowString   oled.o
    0x0800353e   0x0800353e   0x00000038   Code   RO          386    i.OLED_WR_Byte      oled.o
    0x08003576   0x08003576   0x00000002   PAD
    0x08003578   0x08003578   0x0000009c   Code   RO          976    i.Out_Task          state_task_aim.o
    0x08003614   0x08003614   0x0000000c   Code   RO         3257    i.PWR_BackupAccessCmd  stm32f10x_pwr.o
    0x08003620   0x08003620   0x00000002   Code   RO            6    i.PendSV_Handler    stm32f10x_it.o
    0x08003622   0x08003622   0x00000002   PAD
    0x08003624   0x08003624   0x00000068   Code   RO          153    i.Power_On_Emg_Button  main.o
    0x0800368c   0x0800368c   0x00000028   Code   RO          760    i.PrintString1      usart.o
    0x080036b4   0x080036b4   0x0000003a   Code   RO          312    i.PwmControl        timer.o
    0x080036ee   0x080036ee   0x00000002   PAD
    0x080036f0   0x080036f0   0x00000018   Code   RO         1489    i.RCC_ADCCLKConfig  stm32f10x_rcc.o
    0x08003708   0x08003708   0x00000020   Code   RO         1490    i.RCC_AHBPeriphClockCmd  stm32f10x_rcc.o
    0x08003728   0x08003728   0x00000020   Code   RO         1491    i.RCC_APB1PeriphClockCmd  stm32f10x_rcc.o
    0x08003748   0x08003748   0x00000020   Code   RO         1492    i.RCC_APB1PeriphResetCmd  stm32f10x_rcc.o
    0x08003768   0x08003768   0x00000020   Code   RO         1493    i.RCC_APB2PeriphClockCmd  stm32f10x_rcc.o
    0x08003788   0x08003788   0x00000020   Code   RO         1494    i.RCC_APB2PeriphResetCmd  stm32f10x_rcc.o
    0x080037a8   0x080037a8   0x0000000c   Code   RO         1496    i.RCC_BackupResetCmd  stm32f10x_rcc.o
    0x080037b4   0x080037b4   0x000000d4   Code   RO         1501    i.RCC_GetClocksFreq  stm32f10x_rcc.o
    0x08003888   0x08003888   0x0000003c   Code   RO         1502    i.RCC_GetFlagStatus  stm32f10x_rcc.o
    0x080038c4   0x080038c4   0x00000034   Code   RO         1509    i.RCC_LSEConfig     stm32f10x_rcc.o
    0x080038f8   0x080038f8   0x0000000c   Code   RO         1516    i.RCC_RTCCLKCmd     stm32f10x_rcc.o
    0x08003904   0x08003904   0x00000010   Code   RO         1517    i.RCC_RTCCLKConfig  stm32f10x_rcc.o
    0x08003914   0x08003914   0x00000014   Code   RO         3091    i.RTC_EnterConfigMode  stm32f10x_rtc.o
    0x08003928   0x08003928   0x00000014   Code   RO         3092    i.RTC_ExitConfigMode  stm32f10x_rtc.o
    0x0800393c   0x0800393c   0x00000014   Code   RO         3093    i.RTC_GetCounter    stm32f10x_rtc.o
    0x08003950   0x08003950   0x00000076   Code   RO          612    i.RTC_Init          rtc.o
    0x080039c6   0x080039c6   0x00000020   Code   RO          613    i.RTC_Set           rtc.o
    0x080039e6   0x080039e6   0x00000002   PAD
    0x080039e8   0x080039e8   0x0000001c   Code   RO         3099    i.RTC_SetCounter    stm32f10x_rtc.o
    0x08003a04   0x08003a04   0x00000020   Code   RO         3100    i.RTC_SetPrescaler  stm32f10x_rtc.o
    0x08003a24   0x08003a24   0x00000014   Code   RO         3101    i.RTC_WaitForLastTask  stm32f10x_rtc.o
    0x08003a38   0x08003a38   0x00000024   Code   RO         3102    i.RTC_WaitForSynchro  stm32f10x_rtc.o
    0x08003a5c   0x08003a5c   0x00000018   Code   RO         1108    i.S1_Switch_Init    s1_switch.o
    0x08003a74   0x08003a74   0x0000001c   Code   RO         1109    i.S1_Switch_Off     s1_switch.o
    0x08003a90   0x08003a90   0x0000001c   Code   RO         1110    i.S1_Switch_On      s1_switch.o
    0x08003aac   0x08003aac   0x00000022   Code   RO          569    i.STMFLASH_Read     stmflash.o
    0x08003ace   0x08003ace   0x00000006   Code   RO          570    i.STMFLASH_ReadHalfWord  stmflash.o
    0x08003ad4   0x08003ad4   0x00000100   Code   RO          571    i.STMFLASH_Write    stmflash.o
    0x08003bd4   0x08003bd4   0x00000026   Code   RO          572    i.STMFLASH_Write_NoCheck  stmflash.o
    0x08003bfa   0x08003bfa   0x00000002   Code   RO            7    i.SVC_Handler       stm32f10x_it.o
    0x08003bfc   0x08003bfc   0x0000004c   Code   RO          387    i.Send_Byte         oled.o
    0x08003c48   0x08003c48   0x00000008   Code   RO          330    i.SetSysClock       system_stm32f10x.o
    0x08003c50   0x08003c50   0x000000e0   Code   RO          331    i.SetSysClockTo72   system_stm32f10x.o
    0x08003d30   0x08003d30   0x0000006c   Code   RO         1096    i.Set_Charge_Current  charge_current.o
    0x08003d9c   0x08003d9c   0x00000108   Code   RO         1143    i.Show_Idle_State   ui.o
    0x08003ea4   0x08003ea4   0x000003a8   Code   RO         1144    i.Show_Menus        ui.o
    0x0800424c   0x0800424c   0x00000094   Code   RO         1145    i.Show_Summary      ui.o
    0x080042e0   0x080042e0   0x0000018c   Code   RO          978    i.State_Task_Init   state_task_aim.o
    0x0800446c   0x0800446c   0x00000028   Code   RO         1343    i.SysTick_CLKSourceConfig  misc.o
    0x08004494   0x08004494   0x00000002   Code   RO            8    i.SysTick_Handler   stm32f10x_it.o
    0x08004496   0x08004496   0x00000002   PAD
    0x08004498   0x08004498   0x00000060   Code   RO          333    i.SystemInit        system_stm32f10x.o
    0x080044f8   0x080044f8   0x00000098   Code   RO          313    i.TIM2_PWM_Init     timer.o
    0x08004590   0x08004590   0x00000020   Code   RO          837    i.TIM4_IRQHandler   bsptime.o
    0x080045b0   0x080045b0   0x0000001e   Code   RO         1697    i.TIM_CCxCmd        stm32f10x_tim.o
    0x080045ce   0x080045ce   0x00000006   Code   RO         1700    i.TIM_ClearITPendingBit  stm32f10x_tim.o
    0x080045d4   0x080045d4   0x00000018   Code   RO         1705    i.TIM_Cmd           stm32f10x_tim.o
    0x080045ec   0x080045ec   0x000001e8   Code   RO         1710    i.TIM_DeInit        stm32f10x_tim.o
    0x080047d4   0x080047d4   0x00000012   Code   RO         1715    i.TIM_ForcedOC1Config  stm32f10x_tim.o
    0x080047e6   0x080047e6   0x00000022   Code   RO         1726    i.TIM_GetITStatus   stm32f10x_tim.o
    0x08004808   0x08004808   0x00000012   Code   RO         1730    i.TIM_ITConfig      stm32f10x_tim.o
    0x0800481a   0x0800481a   0x00000002   PAD
    0x0800481c   0x0800481c   0x00000098   Code   RO         1734    i.TIM_OC1Init       stm32f10x_tim.o
    0x080048b4   0x080048b4   0x00000012   Code   RO         1737    i.TIM_OC1PreloadConfig  stm32f10x_tim.o
    0x080048c6   0x080048c6   0x00000052   Code   RO         1760    i.TIM_SelectOCxM    stm32f10x_tim.o
    0x08004918   0x08004918   0x00000004   Code   RO         1766    i.TIM_SetCompare1   stm32f10x_tim.o
    0x0800491c   0x0800491c   0x000000a4   Code   RO         1776    i.TIM_TimeBaseInit  stm32f10x_tim.o
    0x080049c0   0x080049c0   0x00000098   Code   RO          761    i.USART1_IRQHandler  usart.o
    0x08004a58   0x08004a58   0x00000088   Code   RO          762    i.USART2_IRQHandler  usart.o
    0x08004ae0   0x08004ae0   0x00000088   Code   RO          763    i.USART3_IRQHandler  usart.o
    0x08004b68   0x08004b68   0x00000018   Code   RO         2241    i.USART_Cmd         stm32f10x_usart.o
    0x08004b80   0x08004b80   0x0000001a   Code   RO         2244    i.USART_GetFlagStatus  stm32f10x_usart.o
    0x08004b9a   0x08004b9a   0x00000054   Code   RO         2245    i.USART_GetITStatus  stm32f10x_usart.o
    0x08004bee   0x08004bee   0x0000004a   Code   RO         2247    i.USART_ITConfig    stm32f10x_usart.o
    0x08004c38   0x08004c38   0x000000d8   Code   RO         2248    i.USART_Init        stm32f10x_usart.o
    0x08004d10   0x08004d10   0x0000000a   Code   RO         2255    i.USART_ReceiveData  stm32f10x_usart.o
    0x08004d1a   0x08004d1a   0x00000008   Code   RO         2258    i.USART_SendData    stm32f10x_usart.o
    0x08004d22   0x08004d22   0x00000002   PAD
    0x08004d24   0x08004d24   0x000000b8   Code   RO         1146    i.Ui_Gun            ui.o
    0x08004ddc   0x08004ddc   0x00000014   Code   RO         1147    i.Ui_Hw_Init        ui.o
    0x08004df0   0x08004df0   0x00000070   Code   RO         1148    i.Ui_System_Init    ui.o
    0x08004e60   0x08004e60   0x00000024   Code   RO         1149    i.Ui_Task           ui.o
    0x08004e84   0x08004e84   0x00000010   Code   RO          979    i.Update_Charge_Current_Task  state_task_aim.o
    0x08004e94   0x08004e94   0x00000004   Code   RO            9    i.UsageFault_Handler  stm32f10x_it.o
    0x08004e98   0x08004e98   0x00000020   Code   RO         3603    i.__0printf         mc_w.l(printfa.o)
    0x08004eb8   0x08004eb8   0x00000028   Code   RO         3605    i.__0sprintf        mc_w.l(printfa.o)
    0x08004ee0   0x08004ee0   0x0000000e   Code   RO         3724    i.__scatterload_copy  mc_w.l(handlers.o)
    0x08004eee   0x08004eee   0x00000002   Code   RO         3725    i.__scatterload_null  mc_w.l(handlers.o)
    0x08004ef0   0x08004ef0   0x0000000e   Code   RO         3726    i.__scatterload_zeroinit  mc_w.l(handlers.o)
    0x08004efe   0x08004efe   0x00000002   PAD
    0x08004f00   0x08004f00   0x00000184   Code   RO         3610    i._fp_digits        mc_w.l(printfa.o)
    0x08005084   0x08005084   0x000006dc   Code   RO         3611    i._printf_core      mc_w.l(printfa.o)
    0x08005760   0x08005760   0x00000024   Code   RO         3612    i._printf_post_padding  mc_w.l(printfa.o)
    0x08005784   0x08005784   0x0000002e   Code   RO         3613    i._printf_pre_padding  mc_w.l(printfa.o)
    0x080057b2   0x080057b2   0x0000000a   Code   RO         3615    i._sputc            mc_w.l(printfa.o)
    0x080057bc   0x080057bc   0x0000002a   Code   RO          894    i.calccrc           im1281b.o
    0x080057e6   0x080057e6   0x0000004e   Code   RO          895    i.chkcrc            im1281b.o
    0x08005834   0x08005834   0x00000044   Code   RO          941    i.delay_init        delay.o
    0x08005878   0x08005878   0x0000004c   Code   RO          942    i.delay_ms          delay.o
    0x080058c4   0x080058c4   0x0000004c   Code   RO          943    i.delay_us          delay.o
    0x08005910   0x08005910   0x0000001c   Code   RO          766    i.fputc             usart.o
    0x0800592c   0x0800592c   0x00000050   Code   RO         3631    i.free              mc_w.l(malloc.o)
    0x0800597c   0x0800597c   0x00000006   Code   RO          838    i.getTimer          bsptime.o
    0x08005982   0x08005982   0x00000002   PAD
    0x08005984   0x08005984   0x0000016c   Code   RO          896    i.im1281b_analysis_data  im1281b.o
    0x08005af0   0x08005af0   0x00000070   Code   RO          897    i.im1281b_ask       im1281b.o
    0x08005b60   0x08005b60   0x00000064   Code   RO          839    i.init_bsptimer     bsptime.o
    0x08005bc4   0x08005bc4   0x000000f0   Code   RO         1150    i.key_a_handler     ui.o
    0x08005cb4   0x08005cb4   0x000000e4   Code   RO         1151    i.key_b_handler     ui.o
    0x08005d98   0x08005d98   0x00000320   Code   RO         1152    i.key_ok_handler    ui.o
    0x080060b8   0x080060b8   0x000000b0   Code   RO          154    i.main              main.o
    0x08006168   0x08006168   0x000000f4   Code   RO          980    i.main_task         state_task_aim.o
    0x0800625c   0x0800625c   0x0000006c   Code   RO         3632    i.malloc            mc_w.l(malloc.o)
    0x080062c8   0x080062c8   0x00000038   Code   RO          840    i.obtainTimer       bsptime.o
    0x08006300   0x08006300   0x00000008   Code   RO          841    i.returnTimer       bsptime.o
    0x08006308   0x08006308   0x00000010   Code   RO          842    i.setTimer          bsptime.o
    0x08006318   0x08006318   0x000000a4   Code   RO          155    i.soft_reset        main.o
    0x080063bc   0x080063bc   0x0000002c   Code   RO          843    i.tickingTimer      bsptime.o
    0x080063e8   0x080063e8   0x000000a0   Code   RO          767    i.uart1_init        usart.o
    0x08006488   0x08006488   0x000000a4   Code   RO          768    i.uart2_init        usart.o
    0x0800652c   0x0800652c   0x000000a8   Code   RO          769    i.uart3_init        usart.o
    0x080065d4   0x080065d4   0x000031ac   Data   RO          389    .constdata          oled.o
    0x08009780   0x08009780   0x00000020   Data   RO         3722    Region$$Table       anon$$obj.o


    Execution Region RW_IRAM1 (Exec base: 0x20000000, Load base: 0x080097a0, Size: 0x00001238, Max: 0x00005000, ABSOLUTE)

    Exec Addr    Load Addr    Size         Type   Attr      Idx    E Section Name        Object

    0x20000000   0x080097a0   0x00000012   Data   RW          279    .data               key.o
    0x20000012   0x080097b2   0x00000002   PAD
    0x20000014   0x080097b4   0x00000014   Data   RW          334    .data               system_stm32f10x.o
    0x20000028   0x080097c8   0x0000000a   Data   RW          771    .data               usart.o
    0x20000032   0x080097d2   0x00000002   PAD
    0x20000034   0x080097d4   0x00000018   Data   RW          899    .data               im1281b.o
    0x2000004c   0x080097ec   0x00000004   Data   RW          944    .data               delay.o
    0x20000050   0x080097f0   0x00000048   Data   RW         1000    .data               state_task_aim.o
    0x20000098   0x08009838   0x00000012   Data   RW         1153    .data               ui.o
    0x200000aa   0x0800984a   0x00000001   Data   RW         1287    .data               ds64romsearch.o
    0x200000ab   0x0800984b   0x00000014   Data   RW         1521    .data               stm32f10x_rcc.o
    0x200000bf   0x0800985f   0x00000001   PAD
    0x200000c0   0x08009860   0x00000004   Data   RW         3711    .data               mc_w.l(mvars.o)
    0x200000c4   0x08009864   0x00000004   Data   RW         3712    .data               mc_w.l(mvars.o)
    0x200000c8        -       0x0000001c   Zero   RW          898    .bss                im1281b.o
    0x200000e4        -       0x0000000c   Zero   RW          999    .bss                state_task_aim.o
    0x200000f0   0x08009868   0x00000010   PAD
    0x20000100        -       0x00000004   Zero   RW          981    .ARM.__AT_0x20000100  state_task_aim.o
    0x20000104        -       0x00000480   Zero   RW          388    .bss                oled.o
    0x20000584        -       0x00000050   Zero   RW          526    .bss                adc.o
    0x200005d4        -       0x00000400   Zero   RW          574    .bss                stmflash.o
    0x200009d4        -       0x000001b8   Zero   RW          770    .bss                usart.o
    0x20000b8c        -       0x00000068   Zero   RW          844    .bss                bsptime.o
    0x20000bf4   0x08009868   0x00000004   PAD
    0x20000bf8        -       0x00000040   Zero   RW         1286    .bss                ds64romsearch.o
    0x20000c38        -       0x00000200   Zero   RW         1333    HEAP                startup_stm32f10x_md.o
    0x20000e38        -       0x00000400   Zero   RW         1332    STACK               startup_stm32f10x_md.o



  Load Region LR$$.ARM.__AT_0x22002000 (Base: 0x22002000, Size: 0x00000000, Max: 0x00000004, ABSOLUTE)

    Execution Region ER$$.ARM.__AT_0x22002000 (Exec base: 0x22002000, Load base: 0x22002000, Size: 0x00000004, Max: 0x00000004, ABSOLUTE, UNINIT)

    Exec Addr    Load Addr    Size         Type   Attr      Idx    E Section Name        Object

    0x22002000        -       0x00000004   Zero   RW          982    .ARM.__AT_0x22002000  state_task_aim.o



  Load Region LR$$.ARM.__AT_0x22002004 (Base: 0x22002004, Size: 0x00000000, Max: 0x00000004, ABSOLUTE)

    Execution Region ER$$.ARM.__AT_0x22002004 (Exec base: 0x22002004, Load base: 0x22002004, Size: 0x00000004, Max: 0x00000004, ABSOLUTE, UNINIT)

    Exec Addr    Load Addr    Size         Type   Attr      Idx    E Section Name        Object

    0x22002004        -       0x00000004   Zero   RW          983    .ARM.__AT_0x22002004  state_task_aim.o



  Load Region LR$$.ARM.__AT_0x22002008 (Base: 0x22002008, Size: 0x00000000, Max: 0x00000004, ABSOLUTE)

    Execution Region ER$$.ARM.__AT_0x22002008 (Exec base: 0x22002008, Load base: 0x22002008, Size: 0x00000004, Max: 0x00000004, ABSOLUTE, UNINIT)

    Exec Addr    Load Addr    Size         Type   Attr      Idx    E Section Name        Object

    0x22002008        -       0x00000004   Zero   RW          984    .ARM.__AT_0x22002008  state_task_aim.o



  Load Region LR$$.ARM.__AT_0x2200200C (Base: 0x2200200c, Size: 0x00000000, Max: 0x00000004, ABSOLUTE)

    Execution Region ER$$.ARM.__AT_0x2200200C (Exec base: 0x2200200c, Load base: 0x2200200c, Size: 0x00000004, Max: 0x00000004, ABSOLUTE, UNINIT)

    Exec Addr    Load Addr    Size         Type   Attr      Idx    E Section Name        Object

    0x2200200c        -       0x00000004   Zero   RW          985    .ARM.__AT_0x2200200C  state_task_aim.o



  Load Region LR$$.ARM.__AT_0x22002010 (Base: 0x22002010, Size: 0x00000000, Max: 0x00000004, ABSOLUTE)

    Execution Region ER$$.ARM.__AT_0x22002010 (Exec base: 0x22002010, Load base: 0x22002010, Size: 0x00000004, Max: 0x00000004, ABSOLUTE, UNINIT)

    Exec Addr    Load Addr    Size         Type   Attr      Idx    E Section Name        Object

    0x22002010        -       0x00000004   Zero   RW          986    .ARM.__AT_0x22002010  state_task_aim.o



  Load Region LR$$.ARM.__AT_0x22002014 (Base: 0x22002014, Size: 0x00000000, Max: 0x00000004, ABSOLUTE)

    Execution Region ER$$.ARM.__AT_0x22002014 (Exec base: 0x22002014, Load base: 0x22002014, Size: 0x00000004, Max: 0x00000004, ABSOLUTE, UNINIT)

    Exec Addr    Load Addr    Size         Type   Attr      Idx    E Section Name        Object

    0x22002014        -       0x00000004   Zero   RW          987    .ARM.__AT_0x22002014  state_task_aim.o



  Load Region LR$$.ARM.__AT_0x22002018 (Base: 0x22002018, Size: 0x00000000, Max: 0x00000004, ABSOLUTE)

    Execution Region ER$$.ARM.__AT_0x22002018 (Exec base: 0x22002018, Load base: 0x22002018, Size: 0x00000004, Max: 0x00000004, ABSOLUTE, UNINIT)

    Exec Addr    Load Addr    Size         Type   Attr      Idx    E Section Name        Object

    0x22002018        -       0x00000004   Zero   RW          988    .ARM.__AT_0x22002018  state_task_aim.o



  Load Region LR$$.ARM.__AT_0x2200201C (Base: 0x2200201c, Size: 0x00000000, Max: 0x00000004, ABSOLUTE)

    Execution Region ER$$.ARM.__AT_0x2200201C (Exec base: 0x2200201c, Load base: 0x2200201c, Size: 0x00000004, Max: 0x00000004, ABSOLUTE, UNINIT)

    Exec Addr    Load Addr    Size         Type   Attr      Idx    E Section Name        Object

    0x2200201c        -       0x00000004   Zero   RW          989    .ARM.__AT_0x2200201C  state_task_aim.o



  Load Region LR$$.ARM.__AT_0x22002020 (Base: 0x22002020, Size: 0x00000000, Max: 0x00000004, ABSOLUTE)

    Execution Region ER$$.ARM.__AT_0x22002020 (Exec base: 0x22002020, Load base: 0x22002020, Size: 0x00000004, Max: 0x00000004, ABSOLUTE, UNINIT)

    Exec Addr    Load Addr    Size         Type   Attr      Idx    E Section Name        Object

    0x22002020        -       0x00000004   Zero   RW          990    .ARM.__AT_0x22002020  state_task_aim.o



  Load Region LR$$.ARM.__AT_0x22002024 (Base: 0x22002024, Size: 0x00000000, Max: 0x00000004, ABSOLUTE)

    Execution Region ER$$.ARM.__AT_0x22002024 (Exec base: 0x22002024, Load base: 0x22002024, Size: 0x00000004, Max: 0x00000004, ABSOLUTE, UNINIT)

    Exec Addr    Load Addr    Size         Type   Attr      Idx    E Section Name        Object

    0x22002024        -       0x00000004   Zero   RW          991    .ARM.__AT_0x22002024  state_task_aim.o



  Load Region LR$$.ARM.__AT_0x22002028 (Base: 0x22002028, Size: 0x00000000, Max: 0x00000004, ABSOLUTE)

    Execution Region ER$$.ARM.__AT_0x22002028 (Exec base: 0x22002028, Load base: 0x22002028, Size: 0x00000004, Max: 0x00000004, ABSOLUTE, UNINIT)

    Exec Addr    Load Addr    Size         Type   Attr      Idx    E Section Name        Object

    0x22002028        -       0x00000004   Zero   RW          992    .ARM.__AT_0x22002028  state_task_aim.o



  Load Region LR$$.ARM.__AT_0x2200202C (Base: 0x2200202c, Size: 0x00000000, Max: 0x00000004, ABSOLUTE)

    Execution Region ER$$.ARM.__AT_0x2200202C (Exec base: 0x2200202c, Load base: 0x2200202c, Size: 0x00000004, Max: 0x00000004, ABSOLUTE, UNINIT)

    Exec Addr    Load Addr    Size         Type   Attr      Idx    E Section Name        Object

    0x2200202c        -       0x00000004   Zero   RW          993    .ARM.__AT_0x2200202C  state_task_aim.o



  Load Region LR$$.ARM.__AT_0x22002030 (Base: 0x22002030, Size: 0x00000000, Max: 0x00000004, ABSOLUTE)

    Execution Region ER$$.ARM.__AT_0x22002030 (Exec base: 0x22002030, Load base: 0x22002030, Size: 0x00000004, Max: 0x00000004, ABSOLUTE, UNINIT)

    Exec Addr    Load Addr    Size         Type   Attr      Idx    E Section Name        Object

    0x22002030        -       0x00000004   Zero   RW          994    .ARM.__AT_0x22002030  state_task_aim.o



  Load Region LR$$.ARM.__AT_0x22002034 (Base: 0x22002034, Size: 0x00000000, Max: 0x00000004, ABSOLUTE)

    Execution Region ER$$.ARM.__AT_0x22002034 (Exec base: 0x22002034, Load base: 0x22002034, Size: 0x00000004, Max: 0x00000004, ABSOLUTE, UNINIT)

    Exec Addr    Load Addr    Size         Type   Attr      Idx    E Section Name        Object

    0x22002034        -       0x00000004   Zero   RW          995    .ARM.__AT_0x22002034  state_task_aim.o



  Load Region LR$$.ARM.__AT_0x22002038 (Base: 0x22002038, Size: 0x00000000, Max: 0x00000004, ABSOLUTE)

    Execution Region ER$$.ARM.__AT_0x22002038 (Exec base: 0x22002038, Load base: 0x22002038, Size: 0x00000004, Max: 0x00000004, ABSOLUTE, UNINIT)

    Exec Addr    Load Addr    Size         Type   Attr      Idx    E Section Name        Object

    0x22002038        -       0x00000004   Zero   RW          996    .ARM.__AT_0x22002038  state_task_aim.o



  Load Region LR$$.ARM.__AT_0x2200203C (Base: 0x2200203c, Size: 0x00000000, Max: 0x00000004, ABSOLUTE)

    Execution Region ER$$.ARM.__AT_0x2200203C (Exec base: 0x2200203c, Load base: 0x2200203c, Size: 0x00000004, Max: 0x00000004, ABSOLUTE, UNINIT)

    Exec Addr    Load Addr    Size         Type   Attr      Idx    E Section Name        Object

    0x2200203c        -       0x00000004   Zero   RW          997    .ARM.__AT_0x2200203C  state_task_aim.o



  Load Region LR$$.ARM.__AT_0x22002040 (Base: 0x22002040, Size: 0x00000000, Max: 0x00000004, ABSOLUTE)

    Execution Region ER$$.ARM.__AT_0x22002040 (Exec base: 0x22002040, Load base: 0x22002040, Size: 0x00000004, Max: 0x00000004, ABSOLUTE, UNINIT)

    Exec Addr    Load Addr    Size         Type   Attr      Idx    E Section Name        Object

    0x22002040        -       0x00000004   Zero   RW          998    .ARM.__AT_0x22002040  state_task_aim.o


==============================================================================

Image component sizes


      Code (inc. data)   RO Data    RW Data    ZI Data      Debug   Object Name

       348         22          0          0         80       1926   adc.o
       262         18          0          0        104       4706   bsptime.o
       108         14          0          0          0        593   charge_current.o
       240         20          0          0          0       1528   cp_signal.o
       220         26          0          4          0       1703   delay.o
       906         72          0          0          0       6449   ds18b20.o
       568          4          0          1         64       3561   ds64romsearch.o
       192         48          0          0          0       4026   eeprom.o
      1184        130          0         24         28       5457   im1281b.o
       496         36          0         18          0       3137   key.o
       920        430          0          0          0     230300   main.o
       172         22          0          0          0       2033   misc.o
      1374         66      12716          0       1152      10016   oled.o
       150          0          0          0          0       1105   rtc.o
        80         10          0          0          0       1420   s1_switch.o
        36          8        236          0       1536        788   startup_stm32f10x_md.o
      4716       1770          0         72         84      10591   state_task_aim.o
       518         30          0          0          0       8429   stm32f10x_adc.o
        16          0          0          0          0        477   stm32f10x_bkp.o
       416          8          0          0          0       3398   stm32f10x_dma.o
       274         30          0          0          0       3390   stm32f10x_flash.o
       448          6          0          0          0       4458   stm32f10x_gpio.o
        26          0          0          0          0      67830   stm32f10x_it.o
        68         30          0          0          0       2450   stm32f10x_iwdg.o
        12          6          0          0          0        506   stm32f10x_pwr.o
       548         82          0         20          0       9327   stm32f10x_rcc.o
       176         34          0          0          0       3487   stm32f10x_rtc.o
      1038        126          0          0          0       8086   stm32f10x_tim.o
       442          6          0          0          0       6117   stm32f10x_usart.o
       334         14          0          0       1024       3541   stmflash.o
         0          0          0          0          0         32   sys.o
       328         28          0         20          0       2057   system_stm32f10x.o
       210          8          0          0          0       1265   timer.o
      3244        900          0         18          0       7983   ui.o
       984         78          0         10        440       6844   usart.o
        44          0          0          0          0        984   wdg.o

    ----------------------------------------------------------------------
     21128       4082      12984        192       4532     430000   Object Totals
         0          0         32          0          0          0   (incl. Generated)
        30          0          0          5         20          0   (incl. Padding)

    ----------------------------------------------------------------------

      Code (inc. data)   RO Data    RW Data    ZI Data      Debug   Library Member Name

         0          0          0          0          0          0   entry.o
         0          0          0          0          0          0   entry10a.o
         0          0          0          0          0          0   entry11a.o
         8          4          0          0          0          0   entry2.o
         4          0          0          0          0          0   entry5.o
         0          0          0          0          0          0   entry7b.o
         0          0          0          0          0          0   entry8b.o
         8          4          0          0          0          0   entry9a.o
        30          0          0          0          0          0   handlers.o
        36          8          0          0          0         68   init.o
         0          0          0          0          0          0   iusefp.o
        30          0          0          0          0         68   llshl.o
        36          0          0          0          0         68   llsshr.o
        32          0          0          0          0         68   llushr.o
       188         20          0          0          0        160   malloc.o
        36          0          0          0          0        108   memseta.o
         0          0          0          8          0          0   mvars.o
      2308         96          0          0          0        604   printfa.o
        14          0          0          0          0         68   strlen.o
        44          0          0          0          0         80   uidiv.o
        98          0          0          0          0         92   uldiv.o
        48          0          0          0          0         68   cdcmple.o
        48          0          0          0          0         68   cdrcmple.o
       334          0          0          0          0        148   dadd.o
       222          0          0          0          0        100   ddiv.o
       186          0          0          0          0        176   depilogue.o
        62          0          0          0          0         80   dfixi.o
        50          0          0          0          0         76   dfixui.o
        48          0          0          0          0         68   dfixul.o
        26          0          0          0          0         76   dfltui.o
       228          0          0          0          0         96   dmul.o
        38          0          0          0          0         68   f2d.o
       176          0          0          0          0        140   fadd.o
       124          0          0          0          0         88   fdiv.o
       110          0          0          0          0        168   fepilogue.o
        18          0          0          0          0         68   fflti.o
        10          0          0          0          0         68   ffltui.o
       100          0          0          0          0         76   fmul.o

    ----------------------------------------------------------------------
      4704        132          0          8          0       3016   Library Totals
         4          0          0          0          0          0   (incl. Padding)

    ----------------------------------------------------------------------

      Code (inc. data)   RO Data    RW Data    ZI Data      Debug   Library Name

      2872        132          0          8          0       1384   mc_w.l
      1828          0          0          0          0       1632   mf_w.l

    ----------------------------------------------------------------------
      4704        132          0          8          0       3016   Library Totals

    ----------------------------------------------------------------------

==============================================================================


      Code (inc. data)   RO Data    RW Data    ZI Data      Debug   

     25832       4214      12984        200       4532     421572   Grand Totals
     25832       4214      12984        200       4532     421572   ELF Image Totals
     25832       4214      12984        200          0          0   ROM Totals

==============================================================================

    Total RO  Size (Code + RO Data)                38816 (  37.91kB)
    Total RW  Size (RW Data + ZI Data)              4732 (   4.62kB)
    Total ROM Size (Code + RO Data + RW Data)      39016 (  38.10kB)

==============================================================================

